Archive member included to satisfy reference by file (symbol)

F:/Msys2/mingw64/bin/../lib/gcc/arm-none-eabi/13.3.0/../../../../arm-none-eabi/lib/thumb/v7-m/nofp\libc_nano.a(libc_a-atexit.o)
                              F:/Msys2/mingw64/bin/../lib/gcc/arm-none-eabi/13.3.0/../../../../arm-none-eabi/lib/thumb/v7-m/nofp/crt0.o (atexit)
F:/Msys2/mingw64/bin/../lib/gcc/arm-none-eabi/13.3.0/../../../../arm-none-eabi/lib/thumb/v7-m/nofp\libc_nano.a(libc_a-exit.o)
                              F:/Msys2/mingw64/bin/../lib/gcc/arm-none-eabi/13.3.0/../../../../arm-none-eabi/lib/thumb/v7-m/nofp/crt0.o (exit)
F:/Msys2/mingw64/bin/../lib/gcc/arm-none-eabi/13.3.0/../../../../arm-none-eabi/lib/thumb/v7-m/nofp\libc_nano.a(libc_a-findfp.o)
                              F:/Msys2/mingw64/bin/../lib/gcc/arm-none-eabi/13.3.0/../../../../arm-none-eabi/lib/thumb/v7-m/nofp\libc_nano.a(libc_a-exit.o) (__stdio_exit_handler)
F:/Msys2/mingw64/bin/../lib/gcc/arm-none-eabi/13.3.0/../../../../arm-none-eabi/lib/thumb/v7-m/nofp\libc_nano.a(libc_a-fwalk.o)
                              F:/Msys2/mingw64/bin/../lib/gcc/arm-none-eabi/13.3.0/../../../../arm-none-eabi/lib/thumb/v7-m/nofp\libc_nano.a(libc_a-findfp.o) (_fwalk_sglue)
F:/Msys2/mingw64/bin/../lib/gcc/arm-none-eabi/13.3.0/../../../../arm-none-eabi/lib/thumb/v7-m/nofp\libc_nano.a(libc_a-stdio.o)
                              F:/Msys2/mingw64/bin/../lib/gcc/arm-none-eabi/13.3.0/../../../../arm-none-eabi/lib/thumb/v7-m/nofp\libc_nano.a(libc_a-findfp.o) (__sread)
F:/Msys2/mingw64/bin/../lib/gcc/arm-none-eabi/13.3.0/../../../../arm-none-eabi/lib/thumb/v7-m/nofp\libc_nano.a(libc_a-memset.o)
                              F:/Msys2/mingw64/bin/../lib/gcc/arm-none-eabi/13.3.0/../../../../arm-none-eabi/lib/thumb/v7-m/nofp/crt0.o (memset)
F:/Msys2/mingw64/bin/../lib/gcc/arm-none-eabi/13.3.0/../../../../arm-none-eabi/lib/thumb/v7-m/nofp\libc_nano.a(libc_a-closer.o)
                              F:/Msys2/mingw64/bin/../lib/gcc/arm-none-eabi/13.3.0/../../../../arm-none-eabi/lib/thumb/v7-m/nofp\libc_nano.a(libc_a-stdio.o) (_close_r)
F:/Msys2/mingw64/bin/../lib/gcc/arm-none-eabi/13.3.0/../../../../arm-none-eabi/lib/thumb/v7-m/nofp\libc_nano.a(libc_a-reent.o)
                              F:/Msys2/mingw64/bin/../lib/gcc/arm-none-eabi/13.3.0/../../../../arm-none-eabi/lib/thumb/v7-m/nofp\libc_nano.a(libc_a-closer.o) (errno)
F:/Msys2/mingw64/bin/../lib/gcc/arm-none-eabi/13.3.0/../../../../arm-none-eabi/lib/thumb/v7-m/nofp\libc_nano.a(libc_a-impure.o)
                              F:/Msys2/mingw64/bin/../lib/gcc/arm-none-eabi/13.3.0/../../../../arm-none-eabi/lib/thumb/v7-m/nofp\libc_nano.a(libc_a-reent.o) (_impure_ptr)
F:/Msys2/mingw64/bin/../lib/gcc/arm-none-eabi/13.3.0/../../../../arm-none-eabi/lib/thumb/v7-m/nofp\libc_nano.a(libc_a-lseekr.o)
                              F:/Msys2/mingw64/bin/../lib/gcc/arm-none-eabi/13.3.0/../../../../arm-none-eabi/lib/thumb/v7-m/nofp\libc_nano.a(libc_a-stdio.o) (_lseek_r)
F:/Msys2/mingw64/bin/../lib/gcc/arm-none-eabi/13.3.0/../../../../arm-none-eabi/lib/thumb/v7-m/nofp\libc_nano.a(libc_a-readr.o)
                              F:/Msys2/mingw64/bin/../lib/gcc/arm-none-eabi/13.3.0/../../../../arm-none-eabi/lib/thumb/v7-m/nofp\libc_nano.a(libc_a-stdio.o) (_read_r)
F:/Msys2/mingw64/bin/../lib/gcc/arm-none-eabi/13.3.0/../../../../arm-none-eabi/lib/thumb/v7-m/nofp\libc_nano.a(libc_a-writer.o)
                              F:/Msys2/mingw64/bin/../lib/gcc/arm-none-eabi/13.3.0/../../../../arm-none-eabi/lib/thumb/v7-m/nofp\libc_nano.a(libc_a-stdio.o) (_write_r)
F:/Msys2/mingw64/bin/../lib/gcc/arm-none-eabi/13.3.0/../../../../arm-none-eabi/lib/thumb/v7-m/nofp\libc_nano.a(libc_a-errno.o)
                              build/syscalls.o (__errno)
F:/Msys2/mingw64/bin/../lib/gcc/arm-none-eabi/13.3.0/../../../../arm-none-eabi/lib/thumb/v7-m/nofp\libc_nano.a(libc_a-init.o)
                              F:/Msys2/mingw64/bin/../lib/gcc/arm-none-eabi/13.3.0/../../../../arm-none-eabi/lib/thumb/v7-m/nofp/crt0.o (__libc_init_array)
F:/Msys2/mingw64/bin/../lib/gcc/arm-none-eabi/13.3.0/../../../../arm-none-eabi/lib/thumb/v7-m/nofp\libc_nano.a(libc_a-fini.o)
                              F:/Msys2/mingw64/bin/../lib/gcc/arm-none-eabi/13.3.0/../../../../arm-none-eabi/lib/thumb/v7-m/nofp/crt0.o (__libc_fini_array)
F:/Msys2/mingw64/bin/../lib/gcc/arm-none-eabi/13.3.0/../../../../arm-none-eabi/lib/thumb/v7-m/nofp\libc_nano.a(libc_a-lock.o)
                              F:/Msys2/mingw64/bin/../lib/gcc/arm-none-eabi/13.3.0/../../../../arm-none-eabi/lib/thumb/v7-m/nofp\libc_nano.a(libc_a-findfp.o) (__retarget_lock_init_recursive)
F:/Msys2/mingw64/bin/../lib/gcc/arm-none-eabi/13.3.0/../../../../arm-none-eabi/lib/thumb/v7-m/nofp\libc_nano.a(libc_a-__atexit.o)
                              F:/Msys2/mingw64/bin/../lib/gcc/arm-none-eabi/13.3.0/../../../../arm-none-eabi/lib/thumb/v7-m/nofp\libc_nano.a(libc_a-atexit.o) (__register_exitproc)
[...]
Memory Configuration

Name             Origin             Length             Attributes
RAM              0x20000000         0x00005000         xrw
FLASH            0x08000000         0x00010000         xr
*default*        0x00000000         0xffffffff

Linker script and memory map

LOAD F:/Msys2/mingw64/bin/../lib/gcc/arm-none-eabi/13.3.0/thumb/v7-m/nofp/crti.o
LOAD F:/Msys2/mingw64/bin/../lib/gcc/arm-none-eabi/13.3.0/thumb/v7-m/nofp/crtbegin.o
LOAD F:/Msys2/mingw64/bin/../lib/gcc/arm-none-eabi/13.3.0/../../../../arm-none-eabi/lib/thumb/v7-m/nofp/crt0.o
LOAD build/main.o
LOAD build/car_control.o
LOAD build/line_tracker.o
LOAD build/stm32f1xx_it.o
LOAD build/stm32f1xx_hal_msp.o
LOAD build/syscalls.o
LOAD build/sysmem.o
LOAD build/system_stm32f1xx.o
LOAD build/stm32f1xx_hal.o
LOAD build/stm32f1xx_hal_cortex.o
LOAD build/stm32f1xx_hal_dma.o
LOAD build/stm32f1xx_hal_exti.o
LOAD build/stm32f1xx_hal_flash.o
LOAD build/stm32f1xx_hal_flash_ex.o
LOAD build/stm32f1xx_hal_gpio.o
LOAD build/stm32f1xx_hal_gpio_ex.o
LOAD build/stm32f1xx_hal_pwr.o
LOAD build/stm32f1xx_hal_rcc.o
LOAD build/stm32f1xx_hal_rcc_ex.o
LOAD build/stm32f1xx_hal_tim.o
LOAD build/stm32f1xx_hal_tim_ex.o
LOAD build/startup_stm32f103xb.o
LOAD F:/Msys2/mingw64/bin/../lib/gcc/arm-none-eabi/13.3.0/../../../../arm-none-eabi/lib/thumb/v7-m/nofp\libc_nano.a
LOAD F:/Msys2/mingw64/bin/../lib/gcc/arm-none-eabi/13.3.0/../../../../arm-none-eabi/lib/thumb/v7-m/nofp\libm.a
LOAD F:/Msys2/mingw64/bin/../lib/gcc/arm-none-eabi/13.3.0/../../../../arm-none-eabi/lib/thumb/v7-m/nofp\libnosys.a
START GROUP
LOAD F:/Msys2/mingw64/bin/../lib/gcc/arm-none-eabi/13.3.0/thumb/v7-m/nofp\libgcc.a
LOAD F:/Msys2/mingw64/bin/../lib/gcc/arm-none-eabi/13.3.0/../../../../arm-none-eabi/lib/thumb/v7-m/nofp\libc_nano.a
END GROUP
START GROUP
LOAD F:/Msys2/mingw64/bin/../lib/gcc/arm-none-eabi/13.3.0/thumb/v7-m/nofp\libgcc.a
LOAD F:/Msys2/mingw64/bin/../lib/gcc/arm-none-eabi/13.3.0/../../../../arm-none-eabi/lib/thumb/v7-m/nofp\libc_nano.a
END GROUP
LOAD F:/Msys2/mingw64/bin/../lib/gcc/arm-none-eabi/13.3.0/thumb/v7-m/nofp/crtend.o
LOAD F:/Msys2/mingw64/bin/../lib/gcc/arm-none-eabi/13.3.0/thumb/v7-m/nofp/crtn.o
                0x20005000                        _estack = (ORIGIN (RAM) + LENGTH (RAM))
                0x00000200                        _Min_Heap_Size = 0x200
                0x00000400                        _Min_Stack_Size = 0x400

.isr_vector     0x08000000      0x10c
                0x08000000                        . = ALIGN (0x4)
 *(.isr_vector)
 .isr_vector    0x08000000      0x10c build/startup_stm32f103xb.o
                0x08000000                g_pfnVectors
                0x0800010c                        . = ALIGN (0x4)

.text           0x0800010c     0x2458
                0x0800010c                        . = ALIGN (0x4)
 *(.text)
 .text          0x0800010c       0xa0 F:/Msys2/mingw64/bin/../lib/gcc/arm-none-eabi/13.3.0/../../../../arm-none-eabi/lib/thumb/v7-m/nofp\libc_nano.a(libc_a-memset.o)
                0x0800010c                memset
 .text          0x080001ac       0x50 F:/Msys2/mingw64/bin/../lib/gcc/arm-none-eabi/13.3.0/../../../../arm-none-eabi/lib/thumb/v7-m/nofp\libc_nano.a(libc_a-init.o)
                0x080001ac                __libc_init_array
 .text          0x080001fc      0x168 F:/Msys2/mingw64/bin/../lib/gcc/arm-none-eabi/13.3.0/thumb/v7-m/nofp\libgcc.a(_arm_mulsf3.o)
                0x080001fc                __aeabi_fmul
                0x080001fc                __mulsf3
 .text          0x08000364      0x21c F:/Msys2/mingw64/bin/../lib/gcc/arm-none-eabi/13.3.0/thumb/v7-m/nofp\libgcc.a(_arm_addsubsf3.o)
                0x08000364                __aeabi_frsub
                0x0800036c                __subsf3
                0x0800036c                __aeabi_fsub
                0x08000370                __aeabi_fadd
                0x08000370                __addsf3
                0x080004d0                __aeabi_ui2f
                0x080004d0                __floatunsisf
                0x080004d8                __aeabi_i2f
                0x080004d8                __floatsisf
                0x080004f4                __aeabi_ul2f
                0x080004f4                __floatundisf
                0x08000504                __aeabi_l2f
                0x08000504                __floatdisf
 .text          0x08000580       0xec F:/Msys2/mingw64/bin/../lib/gcc/arm-none-eabi/13.3.0/thumb/v7-m/nofp\libgcc.a(_arm_cmpsf2.o)
                0x08000580                __gesf2
                0x08000580                __gtsf2
                0x08000588                __lesf2
                0x08000588                __ltsf2
                0x08000590                __nesf2
                0x08000590                __eqsf2
                0x08000590                __cmpsf2
                0x080005f0                __aeabi_cfrcmple
                0x080005f8                __aeabi_cfcmpeq
                0x080005f8                __aeabi_cfcmple
                0x08000608                __aeabi_fcmpeq
                0x0800061c                __aeabi_fcmplt
                0x08000630                __aeabi_fcmple
                0x08000644                __aeabi_fcmpge
                0x08000658                __aeabi_fcmpgt
 .text          0x0800066c       0x4c F:/Msys2/mingw64/bin/../lib/gcc/arm-none-eabi/13.3.0/thumb/v7-m/nofp\libgcc.a(_arm_fixsfsi.o)
                0x0800066c                __aeabi_f2iz
                0x0800066c                __fixsfsi
 *(.text*)
 .text.__do_global_dtors_aux
                0x080006b8       0x24 F:/Msys2/mingw64/bin/../lib/gcc/arm-none-eabi/13.3.0/thumb/v7-m/nofp/crtbegin.o
 .text.frame_dummy
                0x080006dc       0x1c F:/Msys2/mingw64/bin/../lib/gcc/arm-none-eabi/13.3.0/thumb/v7-m/nofp/crtbegin.o
 .text.MX_GPIO_Init
                0x080006f8       0x9c build/main.o
 .text.HAL_TIM_PeriodElapsedCallback
                0x08000794       0x18 build/main.o
                0x08000794                HAL_TIM_PeriodElapsedCallback
 .text.Error_Handler
                0x080007ac        0x4 build/main.o
                0x080007ac                Error_Handler
 .text.MX_TIM1_Init
                0x080007b0       0x68 build/main.o
 .text.MX_TIM2_Init
                0x08000818       0x64 build/main.o
 .text.MX_TIM3_Init
                0x0800087c       0x8c build/main.o
 .text.MX_TIM4_Init
                0x08000908       0x68 build/main.o
 .text.SystemClock_Config
                0x08000970       0x60 build/main.o
                0x08000970                SystemClock_Config
 .text.main     0x080009d0       0x78 build/main.o
                0x080009d0                main
 .text.Car_LimitPwm
                0x08000a48       0x20 build/car_control.o
 .text.Car_AbsFloat
                0x08000a68       0x16 build/car_control.o
 .text.Car_LimitFloat
                0x08000a7e       0x36 build/car_control.o
 .text.Car_PidStep
                0x08000ab4       0x76 build/car_control.o
 *fill*         0x08000b2a        0x2 
 .text.Car_LinePidStep
                0x08000b2c       0x7c build/car_control.o
 .text.Car_ResetPid
                0x08000ba8        0x8 build/car_control.o
 .text.Car_ResetLinePid
                0x08000bb0       0x14 build/car_control.o
 .text.Car_UpdateEncoder
                0x08000bc4       0x26 build/car_control.o
 *fill*         0x08000bea        0x2 
 .text.Car_SetDriverEnable
                0x08000bec       0x28 build/car_control.o
 .text.Car_ApplyMotor
                0x08000c14       0x90 build/car_control.o
 .text.Car_ControlStep
                0x08000ca4      0x164 build/car_control.o
                0x08000ca4                Car_ControlStep
 .text.Car_Stop
                0x08000e08       0x78 build/car_control.o
                0x08000e08                Car_Stop
 .text.Car_Init
                0x08000e80       0x68 build/car_control.o
                0x08000e80                Car_Init
 .text.LineTracker_Update
                0x08000ee8       0xfc build/line_tracker.o
                0x08000ee8                LineTracker_Update
 .text.LineTracker_Init
                0x08000fe4        0x8 build/line_tracker.o
                0x08000fe4                LineTracker_Init
 .text.NMI_Handler
                0x08000fec        0x2 build/stm32f1xx_it.o
                0x08000fec                NMI_Handler
 .text.HardFault_Handler
                0x08000fee        0x2 build/stm32f1xx_it.o
                0x08000fee                HardFault_Handler
 .text.MemManage_Handler
                0x08000ff0        0x2 build/stm32f1xx_it.o
                0x08000ff0                MemManage_Handler
 .text.BusFault_Handler
                0x08000ff2        0x2 build/stm32f1xx_it.o
                0x08000ff2                BusFault_Handler
 .text.UsageFault_Handler
                0x08000ff4        0x2 build/stm32f1xx_it.o
                0x08000ff4                UsageFault_Handler
 .text.SVC_Handler
                0x08000ff6        0x2 build/stm32f1xx_it.o
                0x08000ff6                SVC_Handler
 .text.DebugMon_Handler
                0x08000ff8        0x2 build/stm32f1xx_it.o
                0x08000ff8                DebugMon_Handler
 .text.PendSV_Handler
                0x08000ffa        0x2 build/stm32f1xx_it.o
                0x08000ffa                PendSV_Handler
 .text.SysTick_Handler
                0x08000ffc        0x8 build/stm32f1xx_it.o
                0x08000ffc                SysTick_Handler
 .text.TIM4_IRQHandler
                0x08001004       0x10 build/stm32f1xx_it.o
                0x08001004                TIM4_IRQHandler
 .text.HAL_MspInit
                0x08001014       0x44 build/stm32f1xx_hal_msp.o
                0x08001014                HAL_MspInit
 .text.HAL_TIM_Encoder_MspInit
                0x08001058       0x9c build/stm32f1xx_hal_msp.o
                0x08001058                HAL_TIM_Encoder_MspInit
 .text.HAL_TIM_PWM_MspInit
                0x080010f4       0x2c build/stm32f1xx_hal_msp.o
                0x080010f4                HAL_TIM_PWM_MspInit
 .text.HAL_TIM_Base_MspInit
                0x08001120       0x40 build/stm32f1xx_hal_msp.o
                0x08001120                HAL_TIM_Base_MspInit
 .text.HAL_TIM_MspPostInit
                0x08001160       0x50 build/stm32f1xx_hal_msp.o
                0x08001160                HAL_TIM_MspPostInit
 .text.SystemInit
                0x080011b0        0x2 build/system_stm32f1xx.o
                0x080011b0                SystemInit
 *fill*         0x080011b2        0x2 
 .text.HAL_InitTick
                0x080011b4       0x4c build/stm32f1xx_hal.o
                0x080011b4                HAL_InitTick
 .text.HAL_Init
                0x08001200       0x24 build/stm32f1xx_hal.o
                0x08001200                HAL_Init
 .text.HAL_IncTick
                0x08001224       0x18 build/stm32f1xx_hal.o
                0x08001224                HAL_IncTick
 .text.HAL_GetTick
                0x0800123c        0xc build/stm32f1xx_hal.o
                0x0800123c                HAL_GetTick
 .text.__NVIC_SetPriority
                0x08001248       0x28 build/stm32f1xx_hal_cortex.o
 .text.NVIC_EncodePriority
                0x08001270       0x3e build/stm32f1xx_hal_cortex.o
 *fill*         0x080012ae        0x2 
 .text.HAL_NVIC_SetPriorityGrouping
                0x080012b0       0x24 build/stm32f1xx_hal_cortex.o
                0x080012b0                HAL_NVIC_SetPriorityGrouping
 .text.HAL_NVIC_SetPriority
                0x080012d4       0x20 build/stm32f1xx_hal_cortex.o
                0x080012d4                HAL_NVIC_SetPriority
 .text.HAL_NVIC_EnableIRQ
                0x080012f4       0x1c build/stm32f1xx_hal_cortex.o
                0x080012f4                HAL_NVIC_EnableIRQ
 .text.HAL_SYSTICK_Config
                0x08001310       0x28 build/stm32f1xx_hal_cortex.o
                0x08001310                HAL_SYSTICK_Config
 .text.HAL_GPIO_Init
                0x08001338      0x21c build/stm32f1xx_hal_gpio.o
                0x08001338                HAL_GPIO_Init
 .text.HAL_GPIO_ReadPin
                0x08001554        0xe build/stm32f1xx_hal_gpio.o
                0x08001554                HAL_GPIO_ReadPin
 .text.HAL_GPIO_WritePin
                0x08001562        0xc build/stm32f1xx_hal_gpio.o
                0x08001562                HAL_GPIO_WritePin
 *fill*         0x0800156e        0x2 
 .text.RCC_Delay
                0x08001570       0x2c build/stm32f1xx_hal_rcc.o
 .text.HAL_RCC_OscConfig
                0x0800159c      0x410 build/stm32f1xx_hal_rcc.o
                0x0800159c                HAL_RCC_OscConfig
 .text.HAL_RCC_GetSysClockFreq
                0x080019ac       0x54 build/stm32f1xx_hal_rcc.o
                0x080019ac                HAL_RCC_GetSysClockFreq
 .text.HAL_RCC_ClockConfig
                0x08001a00      0x16c build/stm32f1xx_hal_rcc.o
                0x08001a00                HAL_RCC_ClockConfig
 .text.TIM_OC1_SetConfig
                0x08001b6c       0x54 build/stm32f1xx_hal_tim.o
 .text.TIM_OC3_SetConfig
                0x08001bc0       0x5c build/stm32f1xx_hal_tim.o
 .text.TIM_OC4_SetConfig
                0x08001c1c       0x48 build/stm32f1xx_hal_tim.o
 .text.TIM_TI1_ConfigInputStage
                0x08001c64       0x24 build/stm32f1xx_hal_tim.o
 .text.TIM_TI2_ConfigInputStage
                0x08001c88       0x26 build/stm32f1xx_hal_tim.o
 .text.TIM_ITRx_SetConfig
                0x08001cae       0x10 build/stm32f1xx_hal_tim.o
 *fill*         0x08001cbe        0x2 
 .text.HAL_TIM_Base_Start_IT
                0x08001cc0       0x68 build/stm32f1xx_hal_tim.o
                0x08001cc0                HAL_TIM_Base_Start_IT
 .text.HAL_TIM_OC_DelayElapsedCallback
                0x08001d28        0x2 build/stm32f1xx_hal_tim.o
                0x08001d28                HAL_TIM_OC_DelayElapsedCallback
 .text.HAL_TIM_IC_CaptureCallback
                0x08001d2a        0x2 build/stm32f1xx_hal_tim.o
                0x08001d2a                HAL_TIM_IC_CaptureCallback
 .text.HAL_TIM_PWM_PulseFinishedCallback
                0x08001d2c        0x2 build/stm32f1xx_hal_tim.o
                0x08001d2c                HAL_TIM_PWM_PulseFinishedCallback
 .text.HAL_TIM_TriggerCallback
                0x08001d2e        0x2 build/stm32f1xx_hal_tim.o
                0x08001d2e                HAL_TIM_TriggerCallback
 .text.HAL_TIM_IRQHandler
                0x08001d30      0x15e build/stm32f1xx_hal_tim.o
                0x08001d30                HAL_TIM_IRQHandler
 *fill*         0x08001e8e        0x2 
 .text.TIM_Base_SetConfig
                0x08001e90       0x84 build/stm32f1xx_hal_tim.o
                0x08001e90                TIM_Base_SetConfig
 .text.HAL_TIM_Base_Init
                0x08001f14       0x58 build/stm32f1xx_hal_tim.o
                0x08001f14                HAL_TIM_Base_Init
 .text.HAL_TIM_PWM_Init
                0x08001f6c       0x58 build/stm32f1xx_hal_tim.o
                0x08001f6c                HAL_TIM_PWM_Init
 .text.HAL_TIM_Encoder_Init
                0x08001fc4       0xb6 build/stm32f1xx_hal_tim.o
                0x08001fc4                HAL_TIM_Encoder_Init
 *fill*         0x0800207a        0x2 
 .text.TIM_OC2_SetConfig
                0x0800207c       0x5c build/stm32f1xx_hal_tim.o
                0x0800207c                TIM_OC2_SetConfig
 .text.HAL_TIM_PWM_ConfigChannel
                0x080020d8       0xdc build/stm32f1xx_hal_tim.o
                0x080020d8                HAL_TIM_PWM_ConfigChannel
 .text.TIM_ETR_SetConfig
                0x080021b4       0x18 build/stm32f1xx_hal_tim.o
                0x080021b4                TIM_ETR_SetConfig
 .text.HAL_TIM_ConfigClockSource
                0x080021cc       0xfe build/stm32f1xx_hal_tim.o
                0x080021cc                HAL_TIM_ConfigClockSource
 .text.TIM_CCxChannelCmd
                0x080022ca       0x1e build/stm32f1xx_hal_tim.o
                0x080022ca                TIM_CCxChannelCmd
 .text.HAL_TIM_PWM_Start
                0x080022e8       0xdc build/stm32f1xx_hal_tim.o
                0x080022e8                HAL_TIM_PWM_Start
 .text.HAL_TIM_Encoder_Start
                0x080023c4       0xcc build/stm32f1xx_hal_tim.o
                0x080023c4                HAL_TIM_Encoder_Start
 .text.HAL_TIMEx_MasterConfigSynchronization
                0x08002490       0x6c build/stm32f1xx_hal_tim_ex.o
                0x08002490                HAL_TIMEx_MasterConfigSynchronization
 .text.HAL_TIMEx_CommutCallback
                0x080024fc        0x2 build/stm32f1xx_hal_tim_ex.o
                0x080024fc                HAL_TIMEx_CommutCallback
 .text.HAL_TIMEx_BreakCallback
                0x080024fe        0x2 build/stm32f1xx_hal_tim_ex.o
                0x080024fe                HAL_TIMEx_BreakCallback
 .text.Reset_Handler
                0x08002500       0x48 build/startup_stm32f103xb.o
                0x08002500                Reset_Handler
 .text.Default_Handler
                0x08002548        0x2 build/startup_stm32f103xb.o
                0x08002548                RTC_Alarm_IRQHandler
                0x08002548                EXTI2_IRQHandler
                0x08002548                TIM1_CC_IRQHandler
                0x08002548                PVD_IRQHandler
                0x08002548                EXTI3_IRQHandler
                0x08002548                EXTI0_IRQHandler
                0x08002548                I2C2_EV_IRQHandler
                0x08002548                ADC1_2_IRQHandler
                0x08002548                SPI1_IRQHandler
                0x08002548                TAMPER_IRQHandler
                0x08002548                DMA1_Channel4_IRQHandler
                0x08002548                USART3_IRQHandler
                0x08002548                RTC_IRQHandler
                0x08002548                DMA1_Channel7_IRQHandler
                0x08002548                CAN1_RX1_IRQHandler
                0x08002548                I2C1_EV_IRQHandler
                0x08002548                DMA1_Channel6_IRQHandler
                0x08002548                TIM3_IRQHandler
                0x08002548                RCC_IRQHandler
                0x08002548                TIM1_TRG_COM_IRQHandler
                0x08002548                DMA1_Channel1_IRQHandler
                0x08002548                Default_Handler
                0x08002548                EXTI15_10_IRQHandler
                0x08002548                EXTI9_5_IRQHandler
                0x08002548                SPI2_IRQHandler
                0x08002548                DMA1_Channel5_IRQHandler
                0x08002548                EXTI4_IRQHandler
                0x08002548                USB_LP_CAN1_RX0_IRQHandler
                0x08002548                USB_HP_CAN1_TX_IRQHandler
                0x08002548                DMA1_Channel3_IRQHandler
                0x08002548                TIM1_UP_IRQHandler
                0x08002548                WWDG_IRQHandler
                0x08002548                TIM2_IRQHandler
                0x08002548                TIM1_BRK_IRQHandler
                0x08002548                EXTI1_IRQHandler
                0x08002548                USART2_IRQHandler
                0x08002548                I2C2_ER_IRQHandler
                0x08002548                DMA1_Channel2_IRQHandler
                0x08002548                CAN1_SCE_IRQHandler
                0x08002548                FLASH_IRQHandler
                0x08002548                USART1_IRQHandler
                0x08002548                I2C1_ER_IRQHandler
                0x08002548                USBWakeUp_IRQHandler
 *(.glue_7)
 .glue_7        0x0800254a        0x0 linker stubs
 *(.glue_7t)
 .glue_7t       0x0800254a        0x0 linker stubs
 *(.eh_frame)
 *fill*         0x0800254a        0x2 
 .eh_frame      0x0800254c        0x0 F:/Msys2/mingw64/bin/../lib/gcc/arm-none-eabi/13.3.0/thumb/v7-m/nofp/crtbegin.o
 *(.init)
 .init          0x0800254c        0x4 F:/Msys2/mingw64/bin/../lib/gcc/arm-none-eabi/13.3.0/thumb/v7-m/nofp/crti.o
                0x0800254c                _init
 .init          0x08002550        0x8 F:/Msys2/mingw64/bin/../lib/gcc/arm-none-eabi/13.3.0/thumb/v7-m/nofp/crtn.o
 *(.fini)
 .fini          0x08002558        0x4 F:/Msys2/mingw64/bin/../lib/gcc/arm-none-eabi/13.3.0/thumb/v7-m/nofp/crti.o
                0x08002558                _fini
 .fini          0x0800255c        0x8 F:/Msys2/mingw64/bin/../lib/gcc/arm-none-eabi/13.3.0/thumb/v7-m/nofp/crtn.o
                0x08002564                        . = ALIGN (0x4)
                0x08002564                        _etext = .

.vfp11_veneer   0x08002564        0x0
 .vfp11_veneer  0x08002564        0x0 linker stubs

.v4_bx          0x08002564        0x0
 .v4_bx         0x08002564        0x0 linker stubs

.iplt           0x08002564        0x0
 .iplt          0x08002564        0x0 F:/Msys2/mingw64/bin/../lib/gcc/arm-none-eabi/13.3.0/thumb/v7-m/nofp/crtbegin.o

.rodata         0x08002564       0x60
                0x08002564                        . = ALIGN (0x4)
 *(.rodata)
 *(.rodata*)
 .rodata.line_weights
                0x08002564        0xe build/line_tracker.o
 *fill*         0x08002572        0x2 
 .rodata.line_pins
                0x08002574        0xe build/line_tracker.o
 *fill*         0x08002582        0x2 
 .rodata.line_ports
                0x08002584       0x1c build/line_tracker.o
 .rodata.AHBPrescTable
                0x080025a0       0x10 build/system_stm32f1xx.o
                0x080025a0                AHBPrescTable
 .rodata.aPredivFactorTable.0
                0x080025b0        0x2 build/stm32f1xx_hal_rcc.o
 *fill*         0x080025b2        0x2 
 .rodata.aPLLMULFactorTable.1
                0x080025b4       0x10 build/stm32f1xx_hal_rcc.o
                0x080025c4                        . = ALIGN (0x4)

.ARM.extab      0x080025c4        0x0
                0x080025c4                        . = ALIGN (0x4)
 *(.ARM.extab* .gnu.linkonce.armextab.*)
                0x080025c4                        . = ALIGN (0x4)

.ARM            0x080025c4        0x0
                0x080025c4                        . = ALIGN (0x4)
                0x080025c4                        __exidx_start = .
 *(.ARM.exidx*)
                0x080025c4                        __exidx_end = .
                0x080025c4                        . = ALIGN (0x4)

.preinit_array  0x080025c4        0x0
                0x080025c4                        . = ALIGN (0x4)
                0x080025c4                        PROVIDE (__preinit_array_start = .)
 *(.preinit_array*)
                0x080025c4                        PROVIDE (__preinit_array_end = .)
                0x080025c4                        . = ALIGN (0x4)

.init_array     0x080025c4        0x4
                0x080025c4                        . = ALIGN (0x4)
                0x080025c4                        PROVIDE (__init_array_start = .)
 *(SORT_BY_NAME(.init_array.*))
 *(.init_array*)
 .init_array    0x080025c4        0x4 F:/Msys2/mingw64/bin/../lib/gcc/arm-none-eabi/13.3.0/thumb/v7-m/nofp/crtbegin.o
                0x080025c8                        PROVIDE (__init_array_end = .)
                0x080025c8                        . = ALIGN (0x4)

.fini_array     0x080025c8        0x4
                0x080025c8                        . = ALIGN (0x4)
                0x080025c8                        PROVIDE (__fini_array_start = .)
 *(SORT_BY_NAME(.fini_array.*))
 *(.fini_array*)
 .fini_array    0x080025c8        0x4 F:/Msys2/mingw64/bin/../lib/gcc/arm-none-eabi/13.3.0/thumb/v7-m/nofp/crtbegin.o
                0x080025cc                        PROVIDE (__fini_array_end = .)
                0x080025cc                        . = ALIGN (0x4)
                0x080025cc                        _sidata = LOADADDR (.data)

.rel.dyn        0x080025cc        0x0
 .rel.iplt      0x080025cc        0x0 F:/Msys2/mingw64/bin/../lib/gcc/arm-none-eabi/13.3.0/thumb/v7-m/nofp/crtbegin.o

.data           0x20000000       0xd4 load address 0x080025cc
                0x20000000                        . = ALIGN (0x4)
                0x20000000                        _sdata = .
 *(.data)
 *(.data*)
 .data.g_car    0x20000000       0xb0 build/car_control.o
                0x20000000                g_car
 .data.g_line   0x200000b0       0x18 build/line_tracker.o
                0x200000b0                g_line
 .data.SystemCoreClock
                0x200000c8        0x4 build/system_stm32f1xx.o
                0x200000c8                SystemCoreClock
 .data.uwTickFreq
                0x200000cc        0x1 build/stm32f1xx_hal.o
                0x200000cc                uwTickFreq
 *fill*         0x200000cd        0x3 
 .data.uwTickPrio
                0x200000d0        0x4 build/stm32f1xx_hal.o
                0x200000d0                uwTickPrio
 *(.RamFunc)
 *(.RamFunc*)
                0x200000d4                        . = ALIGN (0x4)

.igot.plt       0x200000d4        0x0 load address 0x080026a0
 .igot.plt      0x200000d4        0x0 F:/Msys2/mingw64/bin/../lib/gcc/arm-none-eabi/13.3.0/thumb/v7-m/nofp/crtbegin.o

.tdata          0x200000d4        0x0 load address 0x080026a0
 *(.tdata .tdata.* .gnu.linkonce.td.*)
                0x200000d4                        . = ALIGN (0x4)
                0x200000d4                        _edata = .
                [!provide]                        PROVIDE (__data_end = .)
                [!provide]                        PROVIDE (__tdata_end = .)
                [!provide]                        PROVIDE (__tdata_start = ADDR (.tdata))
                [!provide]                        PROVIDE (__tdata_size = (__tdata_end - __tdata_start))
                [!provide]                        PROVIDE (__data_start = ADDR (.data))
                [!provide]                        PROVIDE (__data_size = (__data_end - __data_start))
                [!provide]                        PROVIDE (__tdata_source = LOADADDR (.tdata))
                [!provide]                        PROVIDE (__tdata_source_end = (LOADADDR (.tdata) + SIZEOF (.tdata)))
                [!provide]                        PROVIDE (__tdata_source_size = (__tdata_source_end - __tdata_source))
                [!provide]                        PROVIDE (__data_source = LOADADDR (.data))
                [!provide]                        PROVIDE (__data_source_end = __tdata_source_end)
                [!provide]                        PROVIDE (__data_source_size = (__data_source_end - __data_source))

.tbss           0x200000d4        0x0 load address 0x080026a0
                0x200000d4                        _sbss = .
                0x200000d4                        __bss_start__ = _sbss
 *(.tbss .tbss.*)
                0x200000d4                        . = ALIGN (0x4)
                [!provide]                        PROVIDE (__tbss_end = .)
                [!provide]                        PROVIDE (__tbss_start = ADDR (.tbss))
                [!provide]                        PROVIDE (__tbss_size = (__tbss_end - __tbss_start))
                [!provide]                        PROVIDE (__tbss_offset = (ADDR (.tbss) - ADDR (.tdata)))
                [!provide]                        PROVIDE (__tls_base = __tdata_start)
                [!provide]                        PROVIDE (__tls_end = __tbss_end)
                [!provide]                        PROVIDE (__tls_size = (__tls_end - __tls_base))
                [!provide]                        PROVIDE (__tls_align = MAX (ALIGNOF (.tdata), ALIGNOF (.tbss)))
                [!provide]                        PROVIDE (__tls_size_align = (((__tls_size + __tls_align) - 0x1) & ~ ((__tls_align - 0x1))))
                [!provide]                        PROVIDE (__arm32_tls_tcb_offset = MAX (0x8, __tls_align))
                [!provide]                        PROVIDE (__arm64_tls_tcb_offset = MAX (0x10, __tls_align))

.bss            0x200000d4      0x140 load address 0x080026a0
 *(.bss)
 *(.bss*)
 .bss.completed.1
                0x200000d4        0x1 F:/Msys2/mingw64/bin/../lib/gcc/arm-none-eabi/13.3.0/thumb/v7-m/nofp/crtbegin.o
 *fill*         0x200000d5        0x3 
 .bss.object.0  0x200000d8       0x18 F:/Msys2/mingw64/bin/../lib/gcc/arm-none-eabi/13.3.0/thumb/v7-m/nofp/crtbegin.o
 .bss.htim4     0x200000f0       0x48 build/main.o
                0x200000f0                htim4
 .bss.htim3     0x20000138       0x48 build/main.o
                0x20000138                htim3
 .bss.htim2     0x20000180       0x48 build/main.o
                0x20000180                htim2
 .bss.htim1     0x200001c8       0x48 build/main.o
                0x200001c8                htim1
 .bss.uwTick    0x20000210        0x4 build/stm32f1xx_hal.o
                0x20000210                uwTick
 *(COMMON)
                0x20000214                        . = ALIGN (0x4)
                0x20000214                        _ebss = .
                0x20000214                        __bss_end__ = _ebss
                [!provide]                        PROVIDE (__bss_end = .)
                [!provide]                        PROVIDE (__non_tls_bss_start = ADDR (.bss))
                [!provide]                        PROVIDE (__bss_start = __tbss_start)
                [!provide]                        PROVIDE (__bss_size = (__bss_end - __bss_start))

._user_heap_stack
                0x20000214      0x604 load address 0x080026a0
                0x20000218                        . = ALIGN (0x8)
 *fill*         0x20000214        0x4 
                [!provide]                        PROVIDE (end = .)
                0x20000218                        PROVIDE (_end = .)
                0x20000418                        . = (. + _Min_Heap_Size)
 *fill*         0x20000218      0x200 
                0x20000818                        . = (. + _Min_Stack_Size)
 *fill*         0x20000418      0x400 
                0x20000818                        . = ALIGN (0x8)

/DISCARD/
 libc.a:*(*)
 libm.a:*(*)
 libgcc.a:*(*)
OUTPUT(build/car.elf elf32-littlearm)
LOAD linker stubs

.ARM.attributes
                0x00000000       0x29
 .ARM.attributes
                0x00000000       0x1d F:/Msys2/mingw64/bin/../lib/gcc/arm-none-eabi/13.3.0/thumb/v7-m/nofp/crti.o
 .ARM.attributes
                0x0000001d       0x2d F:/Msys2/mingw64/bin/../lib/gcc/arm-none-eabi/13.3.0/thumb/v7-m/nofp/crtbegin.o
 .ARM.attributes
                0x0000004a       0x2d build/main.o
 .ARM.attributes
                0x00000077       0x2d build/car_control.o
 .ARM.attributes
                0x000000a4       0x2d build/line_tracker.o
 .ARM.attributes
                0x000000d1       0x2d build/stm32f1xx_it.o
 .ARM.attributes
                0x000000fe       0x2d build/stm32f1xx_hal_msp.o
 .ARM.attributes
                0x0000012b       0x2d build/system_stm32f1xx.o
 .ARM.attributes
                0x00000158       0x2d build/stm32f1xx_hal.o
 .ARM.attributes
                0x00000185       0x2d build/stm32f1xx_hal_cortex.o
 .ARM.attributes
                0x000001b2       0x2d build/stm32f1xx_hal_gpio.o
 .ARM.attributes
                0x000001df       0x2d build/stm32f1xx_hal_rcc.o
 .ARM.attributes
                0x0000020c       0x2d build/stm32f1xx_hal_tim.o
 .ARM.attributes
                0x00000239       0x2d build/stm32f1xx_hal_tim_ex.o
 .ARM.attributes
                0x00000266       0x21 build/startup_stm32f103xb.o
 .ARM.attributes
                0x00000287       0x2d F:/Msys2/mingw64/bin/../lib/gcc/arm-none-eabi/13.3.0/../../../../arm-none-eabi/lib/thumb/v7-m/nofp\libc_nano.a(libc_a-memset.o)
 .ARM.attributes
                0x000002b4       0x2d F:/Msys2/mingw64/bin/../lib/gcc/arm-none-eabi/13.3.0/../../../../arm-none-eabi/lib/thumb/v7-m/nofp\libc_nano.a(libc_a-init.o)
 .ARM.attributes
                0x000002e1       0x1d F:/Msys2/mingw64/bin/../lib/gcc/arm-none-eabi/13.3.0/thumb/v7-m/nofp\libgcc.a(_arm_mulsf3.o)
 .ARM.attributes
                0x000002fe       0x1d F:/Msys2/mingw64/bin/../lib/gcc/arm-none-eabi/13.3.0/thumb/v7-m/nofp\libgcc.a(_arm_addsubsf3.o)
 .ARM.attributes
                0x0000031b       0x1d F:/Msys2/mingw64/bin/../lib/gcc/arm-none-eabi/13.3.0/thumb/v7-m/nofp\libgcc.a(_arm_cmpsf2.o)
 .ARM.attributes
                0x00000338       0x1d F:/Msys2/mingw64/bin/../lib/gcc/arm-none-eabi/13.3.0/thumb/v7-m/nofp\libgcc.a(_arm_fixsfsi.o)
 .ARM.attributes
                0x00000355       0x1d F:/Msys2/mingw64/bin/../lib/gcc/arm-none-eabi/13.3.0/thumb/v7-m/nofp/crtn.o

.comment        0x00000000       0x12
 .comment       0x00000000       0x12 build/main.o
                                 0x13 (size before relaxing)
 .comment       0x00000012        0x0 build/car_control.o
                                 0x13 (size before relaxing)
 .comment       0x00000012        0x0 build/line_tracker.o
                                 0x13 (size before relaxing)
 .comment       0x00000012        0x0 build/stm32f1xx_it.o
                                 0x13 (size before relaxing)
 .comment       0x00000012        0x0 build/stm32f1xx_hal_msp.o
                                 0x13 (size before relaxing)
 .comment       0x00000012        0x0 build/system_stm32f1xx.o
                                 0x13 (size before relaxing)
 .comment       0x00000012        0x0 build/stm32f1xx_hal.o
                                 0x13 (size before relaxing)
 .comment       0x00000012        0x0 build/stm32f1xx_hal_cortex.o
                                 0x13 (size before relaxing)
 .comment       0x00000012        0x0 build/stm32f1xx_hal_gpio.o
                                 0x13 (size before relaxing)
 .comment       0x00000012        0x0 build/stm32f1xx_hal_rcc.o
                                 0x13 (size before relaxing)
 .comment       0x00000012        0x0 build/stm32f1xx_hal_tim.o
                                 0x13 (size before relaxing)
 .comment       0x00000012        0x0 build/stm32f1xx_hal_tim_ex.o
                                 0x13 (size before relaxing)
 .comment       0x00000012        0x0 F:/Msys2/mingw64/bin/../lib/gcc/arm-none-eabi/13.3.0/../../../../arm-none-eabi/lib/thumb/v7-m/nofp\libc_nano.a(libc_a-memset.o)
                                 0x13 (size before relaxing)
 .comment       0x00000012        0x0 F:/Msys2/mingw64/bin/../lib/gcc/arm-none-eabi/13.3.0/../../../../arm-none-eabi/lib/thumb/v7-m/nofp\libc_nano.a(libc_a-init.o)
                                 0x13 (size before relaxing)

.debug_info     0x00000000     0xd2c4
 .debug_info    0x00000000     0x15a5 build/main.o
 .debug_info    0x000015a5     0x1579 build/car_control.o
 .debug_info    0x00002b1e      0x4a4 build/line_tracker.o
 .debug_info    0x00002fc2      0x7bc build/stm32f1xx_it.o
 .debug_info    0x0000377e      0xcf1 build/stm32f1xx_hal_msp.o
 .debug_info    0x0000446f      0x272 build/system_stm32f1xx.o
 .debug_info    0x000046e1      0x884 build/stm32f1xx_hal.o
 .debug_info    0x00004f65      0xe43 build/stm32f1xx_hal_cortex.o
 .debug_info    0x00005da8      0x6db build/stm32f1xx_hal_gpio.o
 .debug_info    0x00006483      0xb14 build/stm32f1xx_hal_rcc.o
 .debug_info    0x00006f97     0x414a build/stm32f1xx_hal_tim.o
 .debug_info    0x0000b0e1     0x1d53 build/stm32f1xx_hal_tim_ex.o
 .debug_info    0x0000ce34       0x30 build/startup_stm32f103xb.o
 .debug_info    0x0000ce64      0x135 F:/Msys2/mingw64/bin/../lib/gcc/arm-none-eabi/13.3.0/../../../../arm-none-eabi/lib/thumb/v7-m/nofp\libc_nano.a(libc_a-memset.o)
 .debug_info    0x0000cf99      0x10b F:/Msys2/mingw64/bin/../lib/gcc/arm-none-eabi/13.3.0/../../../../arm-none-eabi/lib/thumb/v7-m/nofp\libc_nano.a(libc_a-init.o)
 .debug_info    0x0000d0a4       0x3f F:/Msys2/mingw64/bin/../lib/gcc/arm-none-eabi/13.3.0/thumb/v7-m/nofp\libgcc.a(_arm_mulsf3.o)
 .debug_info    0x0000d0e3       0xca F:/Msys2/mingw64/bin/../lib/gcc/arm-none-eabi/13.3.0/thumb/v7-m/nofp\libgcc.a(_arm_addsubsf3.o)
 .debug_info    0x0000d1ad       0xdb F:/Msys2/mingw64/bin/../lib/gcc/arm-none-eabi/13.3.0/thumb/v7-m/nofp\libgcc.a(_arm_cmpsf2.o)
 .debug_info    0x0000d288       0x3c F:/Msys2/mingw64/bin/../lib/gcc/arm-none-eabi/13.3.0/thumb/v7-m/nofp\libgcc.a(_arm_fixsfsi.o)

.debug_abbrev   0x00000000     0x1f71
 .debug_abbrev  0x00000000      0x2ef build/main.o
 .debug_abbrev  0x000002ef      0x354 build/car_control.o
 .debug_abbrev  0x00000643      0x1b0 build/line_tracker.o
 .debug_abbrev  0x000007f3      0x193 build/stm32f1xx_it.o
 .debug_abbrev  0x00000986      0x213 build/stm32f1xx_hal_msp.o
 .debug_abbrev  0x00000b99      0x143 build/system_stm32f1xx.o
 .debug_abbrev  0x00000cdc      0x235 build/stm32f1xx_hal.o
 .debug_abbrev  0x00000f11      0x3ad build/stm32f1xx_hal_cortex.o
 .debug_abbrev  0x000012be      0x225 build/stm32f1xx_hal_gpio.o
 .debug_abbrev  0x000014e3      0x2d9 build/stm32f1xx_hal_rcc.o
 .debug_abbrev  0x000017bc      0x2c0 build/stm32f1xx_hal_tim.o
 .debug_abbrev  0x00001a7c      0x2ba build/stm32f1xx_hal_tim_ex.o
 .debug_abbrev  0x00001d36       0x1d build/startup_stm32f103xb.o
 .debug_abbrev  0x00001d53       0xb7 F:/Msys2/mingw64/bin/../lib/gcc/arm-none-eabi/13.3.0/../../../../arm-none-eabi/lib/thumb/v7-m/nofp\libc_nano.a(libc_a-memset.o)
 .debug_abbrev  0x00001e0a       0xc9 F:/Msys2/mingw64/bin/../lib/gcc/arm-none-eabi/13.3.0/../../../../arm-none-eabi/lib/thumb/v7-m/nofp\libc_nano.a(libc_a-init.o)
 .debug_abbrev  0x00001ed3       0x26 F:/Msys2/mingw64/bin/../lib/gcc/arm-none-eabi/13.3.0/thumb/v7-m/nofp\libgcc.a(_arm_mulsf3.o)
 .debug_abbrev  0x00001ef9       0x28 F:/Msys2/mingw64/bin/../lib/gcc/arm-none-eabi/13.3.0/thumb/v7-m/nofp\libgcc.a(_arm_addsubsf3.o)
 .debug_abbrev  0x00001f21       0x28 F:/Msys2/mingw64/bin/../lib/gcc/arm-none-eabi/13.3.0/thumb/v7-m/nofp\libgcc.a(_arm_cmpsf2.o)
 .debug_abbrev  0x00001f49       0x28 F:/Msys2/mingw64/bin/../lib/gcc/arm-none-eabi/13.3.0/thumb/v7-m/nofp\libgcc.a(_arm_fixsfsi.o)

.debug_loc      0x00000000     0xac36
 .debug_loc     0x00000000      0x21c build/main.o
 .debug_loc     0x0000021c      0x8a4 build/car_control.o
 .debug_loc     0x00000ac0      0x242 build/line_tracker.o
 .debug_loc     0x00000d02       0x40 build/stm32f1xx_it.o
 .debug_loc     0x00000d42      0x217 build/stm32f1xx_hal_msp.o
 .debug_loc     0x00000f59      0x11b build/system_stm32f1xx.o
 .debug_loc     0x00001074      0x1f9 build/stm32f1xx_hal.o
 .debug_loc     0x0000126d      0x8b4 build/stm32f1xx_hal_cortex.o
 .debug_loc     0x00001b21      0x56c build/stm32f1xx_hal_gpio.o
 .debug_loc     0x0000208d      0x7c6 build/stm32f1xx_hal_rcc.o
 .debug_loc     0x00002853     0x6168 build/stm32f1xx_hal_tim.o
 .debug_loc     0x000089bb     0x227b build/stm32f1xx_hal_tim_ex.o

.debug_aranges  0x00000000      0xa88
 .debug_aranges
                0x00000000       0x60 build/main.o
 .debug_aranges
                0x00000060       0x88 build/car_control.o
 .debug_aranges
                0x000000e8       0x28 build/line_tracker.o
 .debug_aranges
                0x00000110       0x68 build/stm32f1xx_it.o
 .debug_aranges
                0x00000178       0x40 build/stm32f1xx_hal_msp.o
 .debug_aranges
                0x000001b8       0x28 build/system_stm32f1xx.o
 .debug_aranges
                0x000001e0       0xe0 build/stm32f1xx_hal.o
 .debug_aranges
                0x000002c0       0xc0 build/stm32f1xx_hal_cortex.o
 .debug_aranges
                0x00000380       0x58 build/stm32f1xx_hal_gpio.o
 .debug_aranges
                0x000003d8       0x90 build/stm32f1xx_hal_rcc.o
 .debug_aranges
                0x00000468      0x3d0 build/stm32f1xx_hal_tim.o
 .debug_aranges
                0x00000838      0x168 build/stm32f1xx_hal_tim_ex.o
 .debug_aranges
                0x000009a0       0x28 build/startup_stm32f103xb.o
 .debug_aranges
                0x000009c8       0x20 F:/Msys2/mingw64/bin/../lib/gcc/arm-none-eabi/13.3.0/../../../../arm-none-eabi/lib/thumb/v7-m/nofp\libc_nano.a(libc_a-memset.o)
 .debug_aranges
                0x000009e8       0x20 F:/Msys2/mingw64/bin/../lib/gcc/arm-none-eabi/13.3.0/../../../../arm-none-eabi/lib/thumb/v7-m/nofp\libc_nano.a(libc_a-init.o)
 .debug_aranges
                0x00000a08       0x20 F:/Msys2/mingw64/bin/../lib/gcc/arm-none-eabi/13.3.0/thumb/v7-m/nofp\libgcc.a(_arm_mulsf3.o)
 .debug_aranges
                0x00000a28       0x20 F:/Msys2/mingw64/bin/../lib/gcc/arm-none-eabi/13.3.0/thumb/v7-m/nofp\libgcc.a(_arm_addsubsf3.o)
 .debug_aranges
                0x00000a48       0x20 F:/Msys2/mingw64/bin/../lib/gcc/arm-none-eabi/13.3.0/thumb/v7-m/nofp\libgcc.a(_arm_cmpsf2.o)
 .debug_aranges
                0x00000a68       0x20 F:/Msys2/mingw64/bin/../lib/gcc/arm-none-eabi/13.3.0/thumb/v7-m/nofp\libgcc.a(_arm_fixsfsi.o)

.debug_ranges   0x00000000      0x950
 .debug_ranges  0x00000000       0x50 build/main.o
 .debug_ranges  0x00000050       0x78 build/car_control.o
 .debug_ranges  0x000000c8       0x48 build/line_tracker.o
 .debug_ranges  0x00000110       0x58 build/stm32f1xx_it.o
 .debug_ranges  0x00000168       0x30 build/stm32f1xx_hal_msp.o
 .debug_ranges  0x00000198       0x18 build/system_stm32f1xx.o
 .debug_ranges  0x000001b0       0xd0 build/stm32f1xx_hal.o
 .debug_ranges  0x00000280       0xb0 build/stm32f1xx_hal_cortex.o
 .debug_ranges  0x00000330       0x48 build/stm32f1xx_hal_gpio.o
 .debug_ranges  0x00000378       0xa0 build/stm32f1xx_hal_rcc.o
 .debug_ranges  0x00000418      0x3c0 build/stm32f1xx_hal_tim.o
 .debug_ranges  0x000007d8      0x158 build/stm32f1xx_hal_tim_ex.o
 .debug_ranges  0x00000930       0x20 build/startup_stm32f103xb.o

.debug_macro    0x00000000    0x16acb
 .debug_macro   0x00000000      0x1c4 build/main.o
 .debug_macro   0x000001c4      0xac6 build/main.o
 .debug_macro   0x00000c8a      0x215 build/main.o
 .debug_macro   0x00000e9f       0x2e build/main.o
 .debug_macro   0x00000ecd       0x22 build/main.o
 .debug_macro   0x00000eef       0x22 build/main.o
 .debug_macro   0x00000f11       0x8e build/main.o
 .debug_macro   0x00000f9f       0x51 build/main.o
 .debug_macro   0x00000ff0      0x103 build/main.o
 .debug_macro   0x000010f3       0x6a build/main.o
 .debug_macro   0x0000115d      0x1df build/main.o
 .debug_macro   0x0000133c       0x1c build/main.o
 .debug_macro   0x00001358       0x22 build/main.o
 .debug_macro   0x0000137a       0xbd build/main.o
 .debug_macro   0x00001437      0xd23 build/main.o
 .debug_macro   0x0000215a     0xe09e build/main.o
 .debug_macro   0x000101f8       0x6d build/main.o
 .debug_macro   0x00010265     0x34a2 build/main.o
 .debug_macro   0x00013707      0x190 build/main.o
 .debug_macro   0x00013897       0x5c build/main.o
 .debug_macro   0x000138f3      0x5bc build/main.o
 .debug_macro   0x00013eaf      0x289 build/main.o
 .debug_macro   0x00014138      0x1cb build/main.o
 .debug_macro   0x00014303      0x114 build/main.o
 .debug_macro   0x00014417      0x1b2 build/main.o
 .debug_macro   0x000145c9       0x27 build/main.o
 .debug_macro   0x000145f0      0x136 build/main.o
 .debug_macro   0x00014726      0x1bc build/main.o
 .debug_macro   0x000148e2       0x34 build/main.o
 .debug_macro   0x00014916       0x3c build/main.o
 .debug_macro   0x00014952       0x57 build/main.o
 .debug_macro   0x000149a9       0x87 build/main.o
 .debug_macro   0x00014a30      0x240 build/main.o
 .debug_macro   0x00014c70      0x140 build/main.o
 .debug_macro   0x00014db0      0x8ed build/main.o
 .debug_macro   0x0001569d       0x83 build/main.o
 .debug_macro   0x00015720       0xdc build/main.o
 .debug_macro   0x000157fc       0x1c build/main.o
 .debug_macro   0x00015818       0x10 build/main.o
 .debug_macro   0x00015828      0x1c0 build/car_control.o
 .debug_macro   0x000159e8      0x1b8 build/line_tracker.o
 .debug_macro   0x00015ba0      0x1b2 build/stm32f1xx_it.o
 .debug_macro   0x00015d52      0x1a8 build/stm32f1xx_hal_msp.o
 .debug_macro   0x00015efa      0x199 build/system_stm32f1xx.o
 .debug_macro   0x00016093      0x1bd build/stm32f1xx_hal.o
 .debug_macro   0x00016250      0x199 build/stm32f1xx_hal_cortex.o
 .debug_macro   0x000163e9      0x204 build/stm32f1xx_hal_gpio.o
 .debug_macro   0x000165ed      0x1ab build/stm32f1xx_hal_rcc.o
 .debug_macro   0x00016798      0x19a build/stm32f1xx_hal_tim.o
 .debug_macro   0x00016932      0x199 build/stm32f1xx_hal_tim_ex.o

.debug_line     0x00000000     0xba05
 .debug_line    0x00000000      0x925 build/main.o
 .debug_line    0x00000925      0x9b9 build/car_control.o
 .debug_line    0x000012de      0x5f7 build/line_tracker.o
 .debug_line    0x000018d5      0x512 build/stm32f1xx_it.o
 .debug_line    0x00001de7      0x56d build/stm32f1xx_hal_msp.o
 .debug_line    0x00002354      0x4de build/system_stm32f1xx.o
 .debug_line    0x00002832      0x74d build/stm32f1xx_hal.o
 .debug_line    0x00002f7f      0x932 build/stm32f1xx_hal_cortex.o
 .debug_line    0x000038b1      0x83e build/stm32f1xx_hal_gpio.o
 .debug_line    0x000040ef      0xeaf build/stm32f1xx_hal_rcc.o
 .debug_line    0x00004f9e     0x481e build/stm32f1xx_hal_tim.o
 .debug_line    0x000097bc     0x1c1b build/stm32f1xx_hal_tim_ex.o
 .debug_line    0x0000b3d7       0x71 build/startup_stm32f103xb.o
 .debug_line    0x0000b448      0x1c5 F:/Msys2/mingw64/bin/../lib/gcc/arm-none-eabi/13.3.0/../../../../arm-none-eabi/lib/thumb/v7-m/nofp\libc_nano.a(libc_a-memset.o)
 .debug_line    0x0000b60d      0x13c F:/Msys2/mingw64/bin/../lib/gcc/arm-none-eabi/13.3.0/../../../../arm-none-eabi/lib/thumb/v7-m/nofp\libc_nano.a(libc_a-init.o)
 .debug_line    0x0000b749       0xbd F:/Msys2/mingw64/bin/../lib/gcc/arm-none-eabi/13.3.0/thumb/v7-m/nofp\libgcc.a(_arm_mulsf3.o)
 .debug_line    0x0000b806      0x103 F:/Msys2/mingw64/bin/../lib/gcc/arm-none-eabi/13.3.0/thumb/v7-m/nofp\libgcc.a(_arm_addsubsf3.o)
 .debug_line    0x0000b909       0x9a F:/Msys2/mingw64/bin/../lib/gcc/arm-none-eabi/13.3.0/thumb/v7-m/nofp\libgcc.a(_arm_cmpsf2.o)
 .debug_line    0x0000b9a3       0x62 F:/Msys2/mingw64/bin/../lib/gcc/arm-none-eabi/13.3.0/thumb/v7-m/nofp\libgcc.a(_arm_fixsfsi.o)

.debug_str      0x00000000    0x84dda
 .debug_str     0x00000000    0x84dda build/main.o
                              0x82a28 (size before relaxing)
 .debug_str     0x00084dda        0x0 build/car_control.o
                              0x82882 (size before relaxing)
 .debug_str     0x00084dda        0x0 build/line_tracker.o
                              0x81f5a (size before relaxing)
 .debug_str     0x00084dda        0x0 build/stm32f1xx_it.o
                              0x822c2 (size before relaxing)
 .debug_str     0x00084dda        0x0 build/stm32f1xx_hal_msp.o
                              0x82656 (size before relaxing)
 .debug_str     0x00084dda        0x0 build/system_stm32f1xx.o
                              0x81af1 (size before relaxing)
 .debug_str     0x00084dda        0x0 build/stm32f1xx_hal.o
                              0x82224 (size before relaxing)
 .debug_str     0x00084dda        0x0 build/stm32f1xx_hal_cortex.o
                              0x82170 (size before relaxing)
 .debug_str     0x00084dda        0x0 build/stm32f1xx_hal_gpio.o
                              0x81e77 (size before relaxing)
 .debug_str     0x00084dda        0x0 build/stm32f1xx_hal_rcc.o
                              0x81f20 (size before relaxing)
 .debug_str     0x00084dda        0x0 build/stm32f1xx_hal_tim.o
                              0x82f22 (size before relaxing)
 .debug_str     0x00084dda        0x0 build/stm32f1xx_hal_tim_ex.o
                              0x8272e (size before relaxing)
 .debug_str     0x00084dda        0x0 build/startup_stm32f103xb.o
                                 0x4d (size before relaxing)
 .debug_str     0x00084dda        0x0 F:/Msys2/mingw64/bin/../lib/gcc/arm-none-eabi/13.3.0/../../../../arm-none-eabi/lib/thumb/v7-m/nofp\libc_nano.a(libc_a-memset.o)
                                0x193 (size before relaxing)
 .debug_str     0x00084dda        0x0 F:/Msys2/mingw64/bin/../lib/gcc/arm-none-eabi/13.3.0/../../../../arm-none-eabi/lib/thumb/v7-m/nofp\libc_nano.a(libc_a-init.o)
                                0x1e0 (size before relaxing)
 .debug_str     0x00084dda        0x0 F:/Msys2/mingw64/bin/../lib/gcc/arm-none-eabi/13.3.0/thumb/v7-m/nofp\libgcc.a(_arm_mulsf3.o)
                                 0x95 (size before relaxing)
 .debug_str     0x00084dda        0x0 F:/Msys2/mingw64/bin/../lib/gcc/arm-none-eabi/13.3.0/thumb/v7-m/nofp\libgcc.a(_arm_addsubsf3.o)
                                0x11f (size before relaxing)
 .debug_str     0x00084dda        0x0 F:/Msys2/mingw64/bin/../lib/gcc/arm-none-eabi/13.3.0/thumb/v7-m/nofp\libgcc.a(_arm_cmpsf2.o)
                                0x134 (size before relaxing)
 .debug_str     0x00084dda        0x0 F:/Msys2/mingw64/bin/../lib/gcc/arm-none-eabi/13.3.0/thumb/v7-m/nofp\libgcc.a(_arm_fixsfsi.o)
                                 0x96 (size before relaxing)

.debug_frame    0x00000000     0x1b10
 .debug_frame   0x00000000      0x118 build/main.o
 .debug_frame   0x00000118      0x170 build/car_control.o
 .debug_frame   0x00000288       0x48 build/line_tracker.o
 .debug_frame   0x000002d0       0xc0 build/stm32f1xx_it.o
 .debug_frame   0x00000390       0x9c build/stm32f1xx_hal_msp.o
 .debug_frame   0x0000042c       0x30 build/system_stm32f1xx.o
 .debug_frame   0x0000045c      0x1cc build/stm32f1xx_hal.o
 .debug_frame   0x00000628      0x19c build/stm32f1xx_hal_cortex.o
 .debug_frame   0x000007c4       0xe4 build/stm32f1xx_hal_gpio.o
 .debug_frame   0x000008a8      0x184 build/stm32f1xx_hal_rcc.o
 .debug_frame   0x00000a2c      0xb18 build/stm32f1xx_hal_tim.o
 .debug_frame   0x00001544      0x418 build/stm32f1xx_hal_tim_ex.o
 .debug_frame   0x0000195c       0x2c F:/Msys2/mingw64/bin/../lib/gcc/arm-none-eabi/13.3.0/../../../../arm-none-eabi/lib/thumb/v7-m/nofp\libc_nano.a(libc_a-memset.o)
 .debug_frame   0x00001988       0x2c F:/Msys2/mingw64/bin/../lib/gcc/arm-none-eabi/13.3.0/../../../../arm-none-eabi/lib/thumb/v7-m/nofp\libc_nano.a(libc_a-init.o)
 .debug_frame   0x000019b4       0x24 F:/Msys2/mingw64/bin/../lib/gcc/arm-none-eabi/13.3.0/thumb/v7-m/nofp\libgcc.a(_arm_mulsf3.o)
 .debug_frame   0x000019d8       0x4c F:/Msys2/mingw64/bin/../lib/gcc/arm-none-eabi/13.3.0/thumb/v7-m/nofp\libgcc.a(_arm_addsubsf3.o)
 .debug_frame   0x00001a24       0xc8 F:/Msys2/mingw64/bin/../lib/gcc/arm-none-eabi/13.3.0/thumb/v7-m/nofp\libgcc.a(_arm_cmpsf2.o)
 .debug_frame   0x00001aec       0x24 F:/Msys2/mingw64/bin/../lib/gcc/arm-none-eabi/13.3.0/thumb/v7-m/nofp\libgcc.a(_arm_fixsfsi.o)

.debug_loclists
                0x00000000      0x23c
 .debug_loclists
                0x00000000      0x1d7 F:/Msys2/mingw64/bin/../lib/gcc/arm-none-eabi/13.3.0/../../../../arm-none-eabi/lib/thumb/v7-m/nofp\libc_nano.a(libc_a-memset.o)
 .debug_loclists
                0x000001d7       0x65 F:/Msys2/mingw64/bin/../lib/gcc/arm-none-eabi/13.3.0/../../../../arm-none-eabi/lib/thumb/v7-m/nofp\libc_nano.a(libc_a-init.o)

.debug_line_str
                0x00000000       0x73
 .debug_line_str
                0x00000000       0x73 F:/Msys2/mingw64/bin/../lib/gcc/arm-none-eabi/13.3.0/thumb/v7-m/nofp\libgcc.a(_arm_mulsf3.o)
 .debug_line_str
                0x00000073        0x0 F:/Msys2/mingw64/bin/../lib/gcc/arm-none-eabi/13.3.0/thumb/v7-m/nofp\libgcc.a(_arm_addsubsf3.o)
                                 0x73 (size before relaxing)
 .debug_line_str
                0x00000073        0x0 F:/Msys2/mingw64/bin/../lib/gcc/arm-none-eabi/13.3.0/thumb/v7-m/nofp\libgcc.a(_arm_cmpsf2.o)
                                 0x73 (size before relaxing)
 .debug_line_str
                0x00000073        0x0 F:/Msys2/mingw64/bin/../lib/gcc/arm-none-eabi/13.3.0/thumb/v7-m/nofp\libgcc.a(_arm_fixsfsi.o)
                                 0x73 (size before relaxing)

Cross Reference Table

Symbol                                            File
ADC1_2_IRQHandler                                 build/startup_stm32f103xb.o
AHBPrescTable                                     build/system_stm32f1xx.o
                                                  build/stm32f1xx_hal_rcc.o
APBPrescTable                                     build/system_stm32f1xx.o
                                                  build/stm32f1xx_hal_rcc.o
BusFault_Handler                                  build/stm32f1xx_it.o
CAN1_RX1_IRQHandler                               build/startup_stm32f103xb.o
CAN1_SCE_IRQHandler                               build/startup_stm32f103xb.o
Car_ControlStep                                   build/car_control.o
                                                  build/main.o
Car_Init                                          build/car_control.o
                                                  build/main.o
Car_SetSpeedTargets                               build/car_control.o
Car_Stop                                          build/car_control.o
DMA1_Channel1_IRQHandler                          build/startup_stm32f103xb.o
DMA1_Channel2_IRQHandler                          build/startup_stm32f103xb.o
DMA1_Channel3_IRQHandler                          build/startup_stm32f103xb.o
DMA1_Channel4_IRQHandler                          build/startup_stm32f103xb.o
DMA1_Channel5_IRQHandler                          build/startup_stm32f103xb.o
DMA1_Channel6_IRQHandler                          build/startup_stm32f103xb.o
DMA1_Channel7_IRQHandler                          build/startup_stm32f103xb.o
DebugMon_Handler                                  build/stm32f1xx_it.o
Default_Handler                                   build/startup_stm32f103xb.o
EXTI0_IRQHandler                                  build/startup_stm32f103xb.o
EXTI15_10_IRQHandler                              build/startup_stm32f103xb.o
EXTI1_IRQHandler                                  build/startup_stm32f103xb.o
EXTI2_IRQHandler                                  build/startup_stm32f103xb.o
EXTI3_IRQHandler                                  build/startup_stm32f103xb.o
EXTI4_IRQHandler                                  build/startup_stm32f103xb.o
EXTI9_5_IRQHandler                                build/startup_stm32f103xb.o
Error_Handler                                     build/main.o
FLASH_IRQHandler                                  build/startup_stm32f103xb.o
FLASH_PageErase                                   build/stm32f1xx_hal_flash_ex.o
                                                  build/stm32f1xx_hal_flash.o
FLASH_WaitForLastOperation                        build/stm32f1xx_hal_flash.o
                                                  build/stm32f1xx_hal_flash_ex.o
HAL_DBGMCU_DisableDBGSleepMode                    build/stm32f1xx_hal.o
HAL_DBGMCU_DisableDBGStandbyMode                  build/stm32f1xx_hal.o
HAL_DBGMCU_DisableDBGStopMode                     build/stm32f1xx_hal.o
HAL_DBGMCU_EnableDBGSleepMode                     build/stm32f1xx_hal.o
HAL_DBGMCU_EnableDBGStandbyMode                   build/stm32f1xx_hal.o
HAL_DBGMCU_EnableDBGStopMode                      build/stm32f1xx_hal.o
HAL_DMA_Abort                                     build/stm32f1xx_hal_dma.o
HAL_DMA_Abort_IT                                  build/stm32f1xx_hal_dma.o
                                                  build/stm32f1xx_hal_tim_ex.o
                                                  build/stm32f1xx_hal_tim.o
HAL_DMA_DeInit                                    build/stm32f1xx_hal_dma.o
HAL_DMA_GetError                                  build/stm32f1xx_hal_dma.o
HAL_DMA_GetState                                  build/stm32f1xx_hal_dma.o
HAL_DMA_IRQHandler                                build/stm32f1xx_hal_dma.o
HAL_DMA_Init                                      build/stm32f1xx_hal_dma.o
HAL_DMA_PollForTransfer                           build/stm32f1xx_hal_dma.o
HAL_DMA_RegisterCallback                          build/stm32f1xx_hal_dma.o
HAL_DMA_Start                                     build/stm32f1xx_hal_dma.o
HAL_DMA_Start_IT                                  build/stm32f1xx_hal_dma.o
                                                  build/stm32f1xx_hal_tim_ex.o
                                                  build/stm32f1xx_hal_tim.o
HAL_DMA_UnRegisterCallback                        build/stm32f1xx_hal_dma.o
HAL_DeInit                                        build/stm32f1xx_hal.o
HAL_Delay                                         build/stm32f1xx_hal.o
HAL_EXTI_ClearConfigLine                          build/stm32f1xx_hal_exti.o
HAL_EXTI_ClearPending                             build/stm32f1xx_hal_exti.o
HAL_EXTI_GenerateSWI                              build/stm32f1xx_hal_exti.o
HAL_EXTI_GetConfigLine                            build/stm32f1xx_hal_exti.o
HAL_EXTI_GetHandle                                build/stm32f1xx_hal_exti.o
HAL_EXTI_GetPending                               build/stm32f1xx_hal_exti.o
HAL_EXTI_IRQHandler                               build/stm32f1xx_hal_exti.o
HAL_EXTI_RegisterCallback                         build/stm32f1xx_hal_exti.o
HAL_EXTI_SetConfigLine                            build/stm32f1xx_hal_exti.o
HAL_FLASHEx_Erase                                 build/stm32f1xx_hal_flash_ex.o
HAL_FLASHEx_Erase_IT                              build/stm32f1xx_hal_flash_ex.o
HAL_FLASHEx_OBErase                               build/stm32f1xx_hal_flash_ex.o
HAL_FLASHEx_OBGetConfig                           build/stm32f1xx_hal_flash_ex.o
HAL_FLASHEx_OBGetUserData                         build/stm32f1xx_hal_flash_ex.o
HAL_FLASHEx_OBProgram                             build/stm32f1xx_hal_flash_ex.o
HAL_FLASH_EndOfOperationCallback                  build/stm32f1xx_hal_flash.o
HAL_FLASH_GetError                                build/stm32f1xx_hal_flash.o
HAL_FLASH_IRQHandler                              build/stm32f1xx_hal_flash.o
HAL_FLASH_Lock                                    build/stm32f1xx_hal_flash.o
HAL_FLASH_OB_Launch                               build/stm32f1xx_hal_flash.o
HAL_FLASH_OB_Lock                                 build/stm32f1xx_hal_flash.o
HAL_FLASH_OB_Unlock                               build/stm32f1xx_hal_flash.o
HAL_FLASH_OperationErrorCallback                  build/stm32f1xx_hal_flash.o
HAL_FLASH_Program                                 build/stm32f1xx_hal_flash.o
HAL_FLASH_Program_IT                              build/stm32f1xx_hal_flash.o
HAL_FLASH_Unlock                                  build/stm32f1xx_hal_flash.o
HAL_GPIOEx_ConfigEventout                         build/stm32f1xx_hal_gpio_ex.o
HAL_GPIOEx_DisableEventout                        build/stm32f1xx_hal_gpio_ex.o
HAL_GPIOEx_EnableEventout                         build/stm32f1xx_hal_gpio_ex.o
HAL_GPIO_DeInit                                   build/stm32f1xx_hal_gpio.o
HAL_GPIO_EXTI_Callback                            build/stm32f1xx_hal_gpio.o
HAL_GPIO_EXTI_IRQHandler                          build/stm32f1xx_hal_gpio.o
HAL_GPIO_Init                                     build/stm32f1xx_hal_gpio.o
                                                  build/stm32f1xx_hal_rcc.o
                                                  build/stm32f1xx_hal_msp.o
                                                  build/main.o
HAL_GPIO_LockPin                                  build/stm32f1xx_hal_gpio.o
HAL_GPIO_ReadPin                                  build/stm32f1xx_hal_gpio.o
                                                  build/line_tracker.o
HAL_GPIO_TogglePin                                build/stm32f1xx_hal_gpio.o
HAL_GPIO_WritePin                                 build/stm32f1xx_hal_gpio.o
                                                  build/car_control.o
                                                  build/main.o
HAL_GetDEVID                                      build/stm32f1xx_hal.o
HAL_GetHalVersion                                 build/stm32f1xx_hal.o
HAL_GetREVID                                      build/stm32f1xx_hal.o
HAL_GetTick                                       build/stm32f1xx_hal.o
                                                  build/stm32f1xx_hal_rcc_ex.o
                                                  build/stm32f1xx_hal_rcc.o
                                                  build/stm32f1xx_hal_flash.o
                                                  build/stm32f1xx_hal_dma.o
HAL_GetTickFreq                                   build/stm32f1xx_hal.o
HAL_GetTickPrio                                   build/stm32f1xx_hal.o
HAL_GetUIDw0                                      build/stm32f1xx_hal.o
HAL_GetUIDw1                                      build/stm32f1xx_hal.o
HAL_GetUIDw2                                      build/stm32f1xx_hal.o
HAL_IncTick                                       build/stm32f1xx_hal.o
                                                  build/stm32f1xx_it.o
HAL_Init                                          build/stm32f1xx_hal.o
                                                  build/main.o
HAL_InitTick                                      build/stm32f1xx_hal.o
                                                  build/stm32f1xx_hal_rcc.o
HAL_MspDeInit                                     build/stm32f1xx_hal.o
HAL_MspInit                                       build/stm32f1xx_hal_msp.o
HAL_NVIC_ClearPendingIRQ                          build/stm32f1xx_hal_cortex.o
HAL_NVIC_DisableIRQ                               build/stm32f1xx_hal_cortex.o
HAL_NVIC_EnableIRQ                                build/stm32f1xx_hal_cortex.o
                                                  build/stm32f1xx_hal_msp.o
HAL_NVIC_GetActive                                build/stm32f1xx_hal_cortex.o
HAL_NVIC_GetPendingIRQ                            build/stm32f1xx_hal_cortex.o
HAL_NVIC_GetPriority                              build/stm32f1xx_hal_cortex.o
HAL_NVIC_GetPriorityGrouping                      build/stm32f1xx_hal_cortex.o
HAL_NVIC_SetPendingIRQ                            build/stm32f1xx_hal_cortex.o
HAL_NVIC_SetPriority                              build/stm32f1xx_hal_cortex.o
                                                  build/stm32f1xx_hal.o
                                                  build/stm32f1xx_hal_msp.o
HAL_NVIC_SetPriorityGrouping                      build/stm32f1xx_hal_cortex.o
                                                  build/stm32f1xx_hal.o
HAL_NVIC_SystemReset                              build/stm32f1xx_hal_cortex.o
                                                  build/stm32f1xx_hal_flash.o
HAL_PWR_ConfigPVD                                 build/stm32f1xx_hal_pwr.o
HAL_PWR_DeInit                                    build/stm32f1xx_hal_pwr.o
HAL_PWR_DisableBkUpAccess                         build/stm32f1xx_hal_pwr.o
HAL_PWR_DisablePVD                                build/stm32f1xx_hal_pwr.o
HAL_PWR_DisableSEVOnPend                          build/stm32f1xx_hal_pwr.o
HAL_PWR_DisableSleepOnExit                        build/stm32f1xx_hal_pwr.o
HAL_PWR_DisableWakeUpPin                          build/stm32f1xx_hal_pwr.o
HAL_PWR_EnableBkUpAccess                          build/stm32f1xx_hal_pwr.o
HAL_PWR_EnablePVD                                 build/stm32f1xx_hal_pwr.o
HAL_PWR_EnableSEVOnPend                           build/stm32f1xx_hal_pwr.o
HAL_PWR_EnableSleepOnExit                         build/stm32f1xx_hal_pwr.o
HAL_PWR_EnableWakeUpPin                           build/stm32f1xx_hal_pwr.o
HAL_PWR_EnterSLEEPMode                            build/stm32f1xx_hal_pwr.o
HAL_PWR_EnterSTANDBYMode                          build/stm32f1xx_hal_pwr.o
HAL_PWR_EnterSTOPMode                             build/stm32f1xx_hal_pwr.o
HAL_PWR_PVDCallback                               build/stm32f1xx_hal_pwr.o
HAL_PWR_PVD_IRQHandler                            build/stm32f1xx_hal_pwr.o
HAL_RCCEx_GetPeriphCLKConfig                      build/stm32f1xx_hal_rcc_ex.o
HAL_RCCEx_GetPeriphCLKFreq                        build/stm32f1xx_hal_rcc_ex.o
HAL_RCCEx_PeriphCLKConfig                         build/stm32f1xx_hal_rcc_ex.o
HAL_RCC_CSSCallback                               build/stm32f1xx_hal_rcc.o
HAL_RCC_ClockConfig                               build/stm32f1xx_hal_rcc.o
                                                  build/main.o
HAL_RCC_DeInit                                    build/stm32f1xx_hal_rcc.o
HAL_RCC_DisableCSS                                build/stm32f1xx_hal_rcc.o
HAL_RCC_EnableCSS                                 build/stm32f1xx_hal_rcc.o
HAL_RCC_GetClockConfig                            build/stm32f1xx_hal_rcc.o
HAL_RCC_GetHCLKFreq                               build/stm32f1xx_hal_rcc.o
HAL_RCC_GetOscConfig                              build/stm32f1xx_hal_rcc.o
HAL_RCC_GetPCLK1Freq                              build/stm32f1xx_hal_rcc.o
HAL_RCC_GetPCLK2Freq                              build/stm32f1xx_hal_rcc.o
                                                  build/stm32f1xx_hal_rcc_ex.o
HAL_RCC_GetSysClockFreq                           build/stm32f1xx_hal_rcc.o
HAL_RCC_MCOConfig                                 build/stm32f1xx_hal_rcc.o
HAL_RCC_NMI_IRQHandler                            build/stm32f1xx_hal_rcc.o
HAL_RCC_OscConfig                                 build/stm32f1xx_hal_rcc.o
                                                  build/main.o
HAL_ResumeTick                                    build/stm32f1xx_hal.o
HAL_SYSTICK_CLKSourceConfig                       build/stm32f1xx_hal_cortex.o
HAL_SYSTICK_Callback                              build/stm32f1xx_hal_cortex.o
HAL_SYSTICK_Config                                build/stm32f1xx_hal_cortex.o
                                                  build/stm32f1xx_hal.o
HAL_SYSTICK_IRQHandler                            build/stm32f1xx_hal_cortex.o
HAL_SetTickFreq                                   build/stm32f1xx_hal.o
HAL_SuspendTick                                   build/stm32f1xx_hal.o
HAL_TIMEx_BreakCallback                           build/stm32f1xx_hal_tim_ex.o
                                                  build/stm32f1xx_hal_tim.o
HAL_TIMEx_CommutCallback                          build/stm32f1xx_hal_tim_ex.o
                                                  build/stm32f1xx_hal_tim.o
HAL_TIMEx_CommutHalfCpltCallback                  build/stm32f1xx_hal_tim_ex.o
HAL_TIMEx_ConfigBreakDeadTime                     build/stm32f1xx_hal_tim_ex.o
HAL_TIMEx_ConfigCommutEvent                       build/stm32f1xx_hal_tim_ex.o
HAL_TIMEx_ConfigCommutEvent_DMA                   build/stm32f1xx_hal_tim_ex.o
HAL_TIMEx_ConfigCommutEvent_IT                    build/stm32f1xx_hal_tim_ex.o
HAL_TIMEx_GetChannelNState                        build/stm32f1xx_hal_tim_ex.o
HAL_TIMEx_HallSensor_DeInit                       build/stm32f1xx_hal_tim_ex.o
HAL_TIMEx_HallSensor_GetState                     build/stm32f1xx_hal_tim_ex.o
HAL_TIMEx_HallSensor_Init                         build/stm32f1xx_hal_tim_ex.o
HAL_TIMEx_HallSensor_MspDeInit                    build/stm32f1xx_hal_tim_ex.o
HAL_TIMEx_HallSensor_MspInit                      build/stm32f1xx_hal_tim_ex.o
HAL_TIMEx_HallSensor_Start                        build/stm32f1xx_hal_tim_ex.o
HAL_TIMEx_HallSensor_Start_DMA                    build/stm32f1xx_hal_tim_ex.o
HAL_TIMEx_HallSensor_Start_IT                     build/stm32f1xx_hal_tim_ex.o
HAL_TIMEx_HallSensor_Stop                         build/stm32f1xx_hal_tim_ex.o
HAL_TIMEx_HallSensor_Stop_DMA                     build/stm32f1xx_hal_tim_ex.o
HAL_TIMEx_HallSensor_Stop_IT                      build/stm32f1xx_hal_tim_ex.o
HAL_TIMEx_MasterConfigSynchronization             build/stm32f1xx_hal_tim_ex.o
                                                  build/main.o
HAL_TIMEx_OCN_Start                               build/stm32f1xx_hal_tim_ex.o
HAL_TIMEx_OCN_Start_DMA                           build/stm32f1xx_hal_tim_ex.o
HAL_TIMEx_OCN_Start_IT                            build/stm32f1xx_hal_tim_ex.o
HAL_TIMEx_OCN_Stop                                build/stm32f1xx_hal_tim_ex.o
HAL_TIMEx_OCN_Stop_DMA                            build/stm32f1xx_hal_tim_ex.o
HAL_TIMEx_OCN_Stop_IT                             build/stm32f1xx_hal_tim_ex.o
HAL_TIMEx_OnePulseN_Start                         build/stm32f1xx_hal_tim_ex.o
HAL_TIMEx_OnePulseN_Start_IT                      build/stm32f1xx_hal_tim_ex.o
HAL_TIMEx_OnePulseN_Stop                          build/stm32f1xx_hal_tim_ex.o
HAL_TIMEx_OnePulseN_Stop_IT                       build/stm32f1xx_hal_tim_ex.o
HAL_TIMEx_PWMN_Start                              build/stm32f1xx_hal_tim_ex.o
HAL_TIMEx_PWMN_Start_DMA                          build/stm32f1xx_hal_tim_ex.o
HAL_TIMEx_PWMN_Start_IT                           build/stm32f1xx_hal_tim_ex.o
HAL_TIMEx_PWMN_Stop                               build/stm32f1xx_hal_tim_ex.o
HAL_TIMEx_PWMN_Stop_DMA                           build/stm32f1xx_hal_tim_ex.o
HAL_TIMEx_PWMN_Stop_IT                            build/stm32f1xx_hal_tim_ex.o
HAL_TIMEx_RemapConfig                             build/stm32f1xx_hal_tim_ex.o
HAL_TIM_Base_DeInit                               build/stm32f1xx_hal_tim.o
HAL_TIM_Base_GetState                             build/stm32f1xx_hal_tim.o
HAL_TIM_Base_Init                                 build/stm32f1xx_hal_tim.o
                                                  build/main.o
HAL_TIM_Base_MspDeInit                            build/stm32f1xx_hal_tim.o
HAL_TIM_Base_MspInit                              build/stm32f1xx_hal_msp.o
HAL_TIM_Base_Start                                build/stm32f1xx_hal_tim.o
HAL_TIM_Base_Start_DMA                            build/stm32f1xx_hal_tim.o
HAL_TIM_Base_Start_IT                             build/stm32f1xx_hal_tim.o
                                                  build/car_control.o
HAL_TIM_Base_Stop                                 build/stm32f1xx_hal_tim.o
HAL_TIM_Base_Stop_DMA                             build/stm32f1xx_hal_tim.o
HAL_TIM_Base_Stop_IT                              build/stm32f1xx_hal_tim.o
HAL_TIM_ConfigClockSource                         build/stm32f1xx_hal_tim.o
                                                  build/main.o
HAL_TIM_ConfigOCrefClear                          build/stm32f1xx_hal_tim.o
HAL_TIM_ConfigTI1Input                            build/stm32f1xx_hal_tim.o
HAL_TIM_DMABurstState                             build/stm32f1xx_hal_tim.o
HAL_TIM_DMABurst_MultiReadStart                   build/stm32f1xx_hal_tim.o
HAL_TIM_DMABurst_MultiWriteStart                  build/stm32f1xx_hal_tim.o
HAL_TIM_DMABurst_ReadStart                        build/stm32f1xx_hal_tim.o
HAL_TIM_DMABurst_ReadStop                         build/stm32f1xx_hal_tim.o
HAL_TIM_DMABurst_WriteStart                       build/stm32f1xx_hal_tim.o
HAL_TIM_DMABurst_WriteStop                        build/stm32f1xx_hal_tim.o
HAL_TIM_Encoder_DeInit                            build/stm32f1xx_hal_tim.o
HAL_TIM_Encoder_GetState                          build/stm32f1xx_hal_tim.o
HAL_TIM_Encoder_Init                              build/stm32f1xx_hal_tim.o
                                                  build/main.o
HAL_TIM_Encoder_MspDeInit                         build/stm32f1xx_hal_tim.o
HAL_TIM_Encoder_MspInit                           build/stm32f1xx_hal_msp.o
HAL_TIM_Encoder_Start                             build/stm32f1xx_hal_tim.o
                                                  build/car_control.o
HAL_TIM_Encoder_Start_DMA                         build/stm32f1xx_hal_tim.o
HAL_TIM_Encoder_Start_IT                          build/stm32f1xx_hal_tim.o
HAL_TIM_Encoder_Stop                              build/stm32f1xx_hal_tim.o
HAL_TIM_Encoder_Stop_DMA                          build/stm32f1xx_hal_tim.o
HAL_TIM_Encoder_Stop_IT                           build/stm32f1xx_hal_tim.o
HAL_TIM_ErrorCallback                             build/stm32f1xx_hal_tim.o
                                                  build/stm32f1xx_hal_tim_ex.o
HAL_TIM_GenerateEvent                             build/stm32f1xx_hal_tim.o
HAL_TIM_GetActiveChannel                          build/stm32f1xx_hal_tim.o
HAL_TIM_GetChannelState                           build/stm32f1xx_hal_tim.o
HAL_TIM_IC_CaptureCallback                        build/stm32f1xx_hal_tim.o
HAL_TIM_IC_CaptureHalfCpltCallback                build/stm32f1xx_hal_tim.o
HAL_TIM_IC_ConfigChannel                          build/stm32f1xx_hal_tim.o
HAL_TIM_IC_DeInit                                 build/stm32f1xx_hal_tim.o
HAL_TIM_IC_GetState                               build/stm32f1xx_hal_tim.o
HAL_TIM_IC_Init                                   build/stm32f1xx_hal_tim.o
HAL_TIM_IC_MspDeInit                              build/stm32f1xx_hal_tim.o
HAL_TIM_IC_MspInit                                build/stm32f1xx_hal_tim.o
HAL_TIM_IC_Start                                  build/stm32f1xx_hal_tim.o
HAL_TIM_IC_Start_DMA                              build/stm32f1xx_hal_tim.o
HAL_TIM_IC_Start_IT                               build/stm32f1xx_hal_tim.o
HAL_TIM_IC_Stop                                   build/stm32f1xx_hal_tim.o
HAL_TIM_IC_Stop_DMA                               build/stm32f1xx_hal_tim.o
HAL_TIM_IC_Stop_IT                                build/stm32f1xx_hal_tim.o
HAL_TIM_IRQHandler                                build/stm32f1xx_hal_tim.o
                                                  build/stm32f1xx_it.o
HAL_TIM_MspPostInit                               build/stm32f1xx_hal_msp.o
                                                  build/main.o
HAL_TIM_OC_ConfigChannel                          build/stm32f1xx_hal_tim.o
HAL_TIM_OC_DeInit                                 build/stm32f1xx_hal_tim.o
HAL_TIM_OC_DelayElapsedCallback                   build/stm32f1xx_hal_tim.o
HAL_TIM_OC_GetState                               build/stm32f1xx_hal_tim.o
HAL_TIM_OC_Init                                   build/stm32f1xx_hal_tim.o
HAL_TIM_OC_MspDeInit                              build/stm32f1xx_hal_tim.o
HAL_TIM_OC_MspInit                                build/stm32f1xx_hal_tim.o
HAL_TIM_OC_Start                                  build/stm32f1xx_hal_tim.o
HAL_TIM_OC_Start_DMA                              build/stm32f1xx_hal_tim.o
HAL_TIM_OC_Start_IT                               build/stm32f1xx_hal_tim.o
HAL_TIM_OC_Stop                                   build/stm32f1xx_hal_tim.o
HAL_TIM_OC_Stop_DMA                               build/stm32f1xx_hal_tim.o
HAL_TIM_OC_Stop_IT                                build/stm32f1xx_hal_tim.o
HAL_TIM_OnePulse_ConfigChannel                    build/stm32f1xx_hal_tim.o
HAL_TIM_OnePulse_DeInit                           build/stm32f1xx_hal_tim.o
HAL_TIM_OnePulse_GetState                         build/stm32f1xx_hal_tim.o
HAL_TIM_OnePulse_Init                             build/stm32f1xx_hal_tim.o
HAL_TIM_OnePulse_MspDeInit                        build/stm32f1xx_hal_tim.o
HAL_TIM_OnePulse_MspInit                          build/stm32f1xx_hal_tim.o
HAL_TIM_OnePulse_Start                            build/stm32f1xx_hal_tim.o
HAL_TIM_OnePulse_Start_IT                         build/stm32f1xx_hal_tim.o
HAL_TIM_OnePulse_Stop                             build/stm32f1xx_hal_tim.o
HAL_TIM_OnePulse_Stop_IT                          build/stm32f1xx_hal_tim.o
HAL_TIM_PWM_ConfigChannel                         build/stm32f1xx_hal_tim.o
                                                  build/main.o
HAL_TIM_PWM_DeInit                                build/stm32f1xx_hal_tim.o
HAL_TIM_PWM_GetState                              build/stm32f1xx_hal_tim.o
HAL_TIM_PWM_Init                                  build/stm32f1xx_hal_tim.o
                                                  build/main.o
HAL_TIM_PWM_MspDeInit                             build/stm32f1xx_hal_tim.o
HAL_TIM_PWM_MspInit                               build/stm32f1xx_hal_msp.o
HAL_TIM_PWM_PulseFinishedCallback                 build/stm32f1xx_hal_tim.o
                                                  build/stm32f1xx_hal_tim_ex.o
HAL_TIM_PWM_PulseFinishedHalfCpltCallback         build/stm32f1xx_hal_tim.o
HAL_TIM_PWM_Start                                 build/stm32f1xx_hal_tim.o
                                                  build/car_control.o
HAL_TIM_PWM_Start_DMA                             build/stm32f1xx_hal_tim.o
HAL_TIM_PWM_Start_IT                              build/stm32f1xx_hal_tim.o
HAL_TIM_PWM_Stop                                  build/stm32f1xx_hal_tim.o
HAL_TIM_PWM_Stop_DMA                              build/stm32f1xx_hal_tim.o
HAL_TIM_PWM_Stop_IT                               build/stm32f1xx_hal_tim.o
HAL_TIM_PeriodElapsedCallback                     build/main.o
HAL_TIM_PeriodElapsedHalfCpltCallback             build/stm32f1xx_hal_tim.o
HAL_TIM_ReadCapturedValue                         build/stm32f1xx_hal_tim.o
HAL_TIM_SlaveConfigSynchro                        build/stm32f1xx_hal_tim.o
HAL_TIM_SlaveConfigSynchro_IT                     build/stm32f1xx_hal_tim.o
HAL_TIM_TriggerCallback                           build/stm32f1xx_hal_tim.o
HAL_TIM_TriggerHalfCpltCallback                   build/stm32f1xx_hal_tim.o
HardFault_Handler                                 build/stm32f1xx_it.o
I2C1_ER_IRQHandler                                build/startup_stm32f103xb.o
I2C1_EV_IRQHandler                                build/startup_stm32f103xb.o
I2C2_ER_IRQHandler                                build/startup_stm32f103xb.o
I2C2_EV_IRQHandler                                build/startup_stm32f103xb.o
LineTracker_Init                                  build/line_tracker.o
                                                  build/main.o
LineTracker_Update                                build/line_tracker.o
                                                  build/car_control.o
MemManage_Handler                                 build/stm32f1xx_it.o
NMI_Handler                                       build/stm32f1xx_it.o
PVD_IRQHandler                                    build/startup_stm32f103xb.o
PendSV_Handler                                    build/stm32f1xx_it.o
RCC_IRQHandler                                    build/startup_stm32f103xb.o
RTC_Alarm_IRQHandler                              build/startup_stm32f103xb.o
RTC_IRQHandler                                    build/startup_stm32f103xb.o
Reset_Handler                                     build/startup_stm32f103xb.o
SPI1_IRQHandler                                   build/startup_stm32f103xb.o
SPI2_IRQHandler                                   build/startup_stm32f103xb.o
SVC_Handler                                       build/stm32f1xx_it.o
SysTick_Handler                                   build/stm32f1xx_it.o
SystemClock_Config                                build/main.o
SystemCoreClock                                   build/system_stm32f1xx.o
                                                  build/stm32f1xx_hal_rcc.o
                                                  build/stm32f1xx_hal.o
SystemCoreClockUpdate                             build/system_stm32f1xx.o
SystemInit                                        build/system_stm32f1xx.o
                                                  build/startup_stm32f103xb.o
TAMPER_IRQHandler                                 build/startup_stm32f103xb.o
TIM1_BRK_IRQHandler                               build/startup_stm32f103xb.o
TIM1_CC_IRQHandler                                build/startup_stm32f103xb.o
TIM1_TRG_COM_IRQHandler                           build/startup_stm32f103xb.o
TIM1_UP_IRQHandler                                build/startup_stm32f103xb.o
TIM2_IRQHandler                                   build/startup_stm32f103xb.o
TIM3_IRQHandler                                   build/startup_stm32f103xb.o
TIM4_IRQHandler                                   build/stm32f1xx_it.o
TIMEx_DMACommutationCplt                          build/stm32f1xx_hal_tim_ex.o
                                                  build/stm32f1xx_hal_tim.o
TIMEx_DMACommutationHalfCplt                      build/stm32f1xx_hal_tim_ex.o
                                                  build/stm32f1xx_hal_tim.o
TIM_Base_SetConfig                                build/stm32f1xx_hal_tim.o
                                                  build/stm32f1xx_hal_tim_ex.o
TIM_CCxChannelCmd                                 build/stm32f1xx_hal_tim.o
                                                  build/stm32f1xx_hal_tim_ex.o
TIM_DMACaptureCplt                                build/stm32f1xx_hal_tim.o
                                                  build/stm32f1xx_hal_tim_ex.o
TIM_DMACaptureHalfCplt                            build/stm32f1xx_hal_tim.o
                                                  build/stm32f1xx_hal_tim_ex.o
TIM_DMADelayPulseHalfCplt                         build/stm32f1xx_hal_tim.o
                                                  build/stm32f1xx_hal_tim_ex.o
TIM_DMAError                                      build/stm32f1xx_hal_tim.o
                                                  build/stm32f1xx_hal_tim_ex.o
TIM_ETR_SetConfig                                 build/stm32f1xx_hal_tim.o
TIM_OC2_SetConfig                                 build/stm32f1xx_hal_tim.o
                                                  build/stm32f1xx_hal_tim_ex.o
TIM_TI1_SetConfig                                 build/stm32f1xx_hal_tim.o
                                                  build/stm32f1xx_hal_tim_ex.o
USART1_IRQHandler                                 build/startup_stm32f103xb.o
USART2_IRQHandler                                 build/startup_stm32f103xb.o
USART3_IRQHandler                                 build/startup_stm32f103xb.o
USBWakeUp_IRQHandler                              build/startup_stm32f103xb.o
USB_HP_CAN1_TX_IRQHandler                         build/startup_stm32f103xb.o
USB_LP_CAN1_RX0_IRQHandler                        build/startup_stm32f103xb.o
UsageFault_Handler                                build/stm32f1xx_it.o
WWDG_IRQHandler                                   build/startup_stm32f103xb.o
_Min_Stack_Size                                   build/sysmem.o
__addsf3                                          F:/Msys2/mingw64/bin/../lib/gcc/arm-none-eabi/13.3.0/thumb/v7-m/nofp\libgcc.a(_arm_addsubsf3.o)
__aeabi_cfcmpeq                                   F:/Msys2/mingw64/bin/../lib/gcc/arm-none-eabi/13.3.0/thumb/v7-m/nofp\libgcc.a(_arm_cmpsf2.o)
__aeabi_cfcmple                                   F:/Msys2/mingw64/bin/../lib/gcc/arm-none-eabi/13.3.0/thumb/v7-m/nofp\libgcc.a(_arm_cmpsf2.o)
__aeabi_cfrcmple                                  F:/Msys2/mingw64/bin/../lib/gcc/arm-none-eabi/13.3.0/thumb/v7-m/nofp\libgcc.a(_arm_cmpsf2.o)
__aeabi_f2iz                                      F:/Msys2/mingw64/bin/../lib/gcc/arm-none-eabi/13.3.0/thumb/v7-m/nofp\libgcc.a(_arm_fixsfsi.o)
                                                  build/car_control.o
__aeabi_fadd                                      F:/Msys2/mingw64/bin/../lib/gcc/arm-none-eabi/13.3.0/thumb/v7-m/nofp\libgcc.a(_arm_addsubsf3.o)
                                                  build/car_control.o
__aeabi_fcmpeq                                    F:/Msys2/mingw64/bin/../lib/gcc/arm-none-eabi/13.3.0/thumb/v7-m/nofp\libgcc.a(_arm_cmpsf2.o)
__aeabi_fcmpge                                    F:/Msys2/mingw64/bin/../lib/gcc/arm-none-eabi/13.3.0/thumb/v7-m/nofp\libgcc.a(_arm_cmpsf2.o)
__aeabi_fcmpgt                                    F:/Msys2/mingw64/bin/../lib/gcc/arm-none-eabi/13.3.0/thumb/v7-m/nofp\libgcc.a(_arm_cmpsf2.o)
                                                  build/car_control.o
__aeabi_fcmple                                    F:/Msys2/mingw64/bin/../lib/gcc/arm-none-eabi/13.3.0/thumb/v7-m/nofp\libgcc.a(_arm_cmpsf2.o)
                                                  build/car_control.o
__aeabi_fcmplt                                    F:/Msys2/mingw64/bin/../lib/gcc/arm-none-eabi/13.3.0/thumb/v7-m/nofp\libgcc.a(_arm_cmpsf2.o)
                                                  build/car_control.o
__aeabi_fmul                                      F:/Msys2/mingw64/bin/../lib/gcc/arm-none-eabi/13.3.0/thumb/v7-m/nofp\libgcc.a(_arm_mulsf3.o)
                                                  build/car_control.o
__aeabi_frsub                                     F:/Msys2/mingw64/bin/../lib/gcc/arm-none-eabi/13.3.0/thumb/v7-m/nofp\libgcc.a(_arm_addsubsf3.o)
__aeabi_fsub                                      F:/Msys2/mingw64/bin/../lib/gcc/arm-none-eabi/13.3.0/thumb/v7-m/nofp\libgcc.a(_arm_addsubsf3.o)
                                                  build/car_control.o
__aeabi_i2f                                       F:/Msys2/mingw64/bin/../lib/gcc/arm-none-eabi/13.3.0/thumb/v7-m/nofp\libgcc.a(_arm_addsubsf3.o)
                                                  build/car_control.o
__aeabi_l2f                                       F:/Msys2/mingw64/bin/../lib/gcc/arm-none-eabi/13.3.0/thumb/v7-m/nofp\libgcc.a(_arm_addsubsf3.o)
__aeabi_ui2f                                      F:/Msys2/mingw64/bin/../lib/gcc/arm-none-eabi/13.3.0/thumb/v7-m/nofp\libgcc.a(_arm_addsubsf3.o)
__aeabi_ul2f                                      F:/Msys2/mingw64/bin/../lib/gcc/arm-none-eabi/13.3.0/thumb/v7-m/nofp\libgcc.a(_arm_addsubsf3.o)
__atexit                                          F:/Msys2/mingw64/bin/../lib/gcc/arm-none-eabi/13.3.0/../../../../arm-none-eabi/lib/thumb/v7-m/nofp\libc_nano.a(libc_a-__call_atexit.o)
                                                  F:/Msys2/mingw64/bin/../lib/gcc/arm-none-eabi/13.3.0/../../../../arm-none-eabi/lib/thumb/v7-m/nofp\libc_nano.a(libc_a-__atexit.o)
__atexit0                                         F:/Msys2/mingw64/bin/../lib/gcc/arm-none-eabi/13.3.0/../../../../arm-none-eabi/lib/thumb/v7-m/nofp\libc_nano.a(libc_a-__atexit.o)
__atexit_dummy                                    F:/Msys2/mingw64/bin/../lib/gcc/arm-none-eabi/13.3.0/../../../../arm-none-eabi/lib/thumb/v7-m/nofp\libc_nano.a(libc_a-__atexit.o)
__atexit_recursive_mutex                          F:/Msys2/mingw64/bin/../lib/gcc/arm-none-eabi/13.3.0/../../../../arm-none-eabi/lib/thumb/v7-m/nofp\libc_nano.a(libc_a-__call_atexit.o)
                                                  F:/Msys2/mingw64/bin/../lib/gcc/arm-none-eabi/13.3.0/../../../../arm-none-eabi/lib/thumb/v7-m/nofp\libc_nano.a(libc_a-__atexit.o)
__bss_end__                                       F:/Msys2/mingw64/bin/../lib/gcc/arm-none-eabi/13.3.0/../../../../arm-none-eabi/lib/thumb/v7-m/nofp/crt0.o
__bss_start__                                     F:/Msys2/mingw64/bin/../lib/gcc/arm-none-eabi/13.3.0/../../../../arm-none-eabi/lib/thumb/v7-m/nofp/crt0.o
__call_exitprocs                                  F:/Msys2/mingw64/bin/../lib/gcc/arm-none-eabi/13.3.0/../../../../arm-none-eabi/lib/thumb/v7-m/nofp\libc_nano.a(libc_a-__call_atexit.o)
                                                  F:/Msys2/mingw64/bin/../lib/gcc/arm-none-eabi/13.3.0/../../../../arm-none-eabi/lib/thumb/v7-m/nofp\libc_nano.a(libc_a-__atexit.o)
                                                  F:/Msys2/mingw64/bin/../lib/gcc/arm-none-eabi/13.3.0/../../../../arm-none-eabi/lib/thumb/v7-m/nofp\libc_nano.a(libc_a-exit.o)
__cmpsf2                                          F:/Msys2/mingw64/bin/../lib/gcc/arm-none-eabi/13.3.0/thumb/v7-m/nofp\libgcc.a(_arm_cmpsf2.o)
__deregister_frame_info                           F:/Msys2/mingw64/bin/../lib/gcc/arm-none-eabi/13.3.0/thumb/v7-m/nofp/crtbegin.o
__dso_handle                                      F:/Msys2/mingw64/bin/../lib/gcc/arm-none-eabi/13.3.0/thumb/v7-m/nofp/crtbegin.o
__env                                             build/syscalls.o
__eqsf2                                           F:/Msys2/mingw64/bin/../lib/gcc/arm-none-eabi/13.3.0/thumb/v7-m/nofp\libgcc.a(_arm_cmpsf2.o)
__errno                                           F:/Msys2/mingw64/bin/../lib/gcc/arm-none-eabi/13.3.0/../../../../arm-none-eabi/lib/thumb/v7-m/nofp\libc_nano.a(libc_a-errno.o)
                                                  build/sysmem.o
                                                  build/syscalls.o
__fini_array_end                                  F:/Msys2/mingw64/bin/../lib/gcc/arm-none-eabi/13.3.0/../../../../arm-none-eabi/lib/thumb/v7-m/nofp\libc_nano.a(libc_a-fini.o)
__fini_array_start                                F:/Msys2/mingw64/bin/../lib/gcc/arm-none-eabi/13.3.0/../../../../arm-none-eabi/lib/thumb/v7-m/nofp\libc_nano.a(libc_a-fini.o)
__fixsfsi                                         F:/Msys2/mingw64/bin/../lib/gcc/arm-none-eabi/13.3.0/thumb/v7-m/nofp\libgcc.a(_arm_fixsfsi.o)
__floatdisf                                       F:/Msys2/mingw64/bin/../lib/gcc/arm-none-eabi/13.3.0/thumb/v7-m/nofp\libgcc.a(_arm_addsubsf3.o)
__floatsisf                                       F:/Msys2/mingw64/bin/../lib/gcc/arm-none-eabi/13.3.0/thumb/v7-m/nofp\libgcc.a(_arm_addsubsf3.o)
__floatundisf                                     F:/Msys2/mingw64/bin/../lib/gcc/arm-none-eabi/13.3.0/thumb/v7-m/nofp\libgcc.a(_arm_addsubsf3.o)
__floatunsisf                                     F:/Msys2/mingw64/bin/../lib/gcc/arm-none-eabi/13.3.0/thumb/v7-m/nofp\libgcc.a(_arm_addsubsf3.o)
__fp_lock_all                                     F:/Msys2/mingw64/bin/../lib/gcc/arm-none-eabi/13.3.0/../../../../arm-none-eabi/lib/thumb/v7-m/nofp\libc_nano.a(libc_a-findfp.o)
__fp_unlock_all                                   F:/Msys2/mingw64/bin/../lib/gcc/arm-none-eabi/13.3.0/../../../../arm-none-eabi/lib/thumb/v7-m/nofp\libc_nano.a(libc_a-findfp.o)
__gesf2                                           F:/Msys2/mingw64/bin/../lib/gcc/arm-none-eabi/13.3.0/thumb/v7-m/nofp\libgcc.a(_arm_cmpsf2.o)
__gtsf2                                           F:/Msys2/mingw64/bin/../lib/gcc/arm-none-eabi/13.3.0/thumb/v7-m/nofp\libgcc.a(_arm_cmpsf2.o)
__init_array_end                                  F:/Msys2/mingw64/bin/../lib/gcc/arm-none-eabi/13.3.0/../../../../arm-none-eabi/lib/thumb/v7-m/nofp\libc_nano.a(libc_a-init.o)
__init_array_start                                F:/Msys2/mingw64/bin/../lib/gcc/arm-none-eabi/13.3.0/../../../../arm-none-eabi/lib/thumb/v7-m/nofp\libc_nano.a(libc_a-init.o)
__io_getchar                                      build/syscalls.o
__io_putchar                                      build/syscalls.o
__lesf2                                           F:/Msys2/mingw64/bin/../lib/gcc/arm-none-eabi/13.3.0/thumb/v7-m/nofp\libgcc.a(_arm_cmpsf2.o)
__libc_fini_array                                 F:/Msys2/mingw64/bin/../lib/gcc/arm-none-eabi/13.3.0/../../../../arm-none-eabi/lib/thumb/v7-m/nofp\libc_nano.a(libc_a-fini.o)
                                                  F:/Msys2/mingw64/bin/../lib/gcc/arm-none-eabi/13.3.0/../../../../arm-none-eabi/lib/thumb/v7-m/nofp/crt0.o
__libc_init_array                                 F:/Msys2/mingw64/bin/../lib/gcc/arm-none-eabi/13.3.0/../../../../arm-none-eabi/lib/thumb/v7-m/nofp\libc_nano.a(libc_a-init.o)
                                                  build/startup_stm32f103xb.o
                                                  F:/Msys2/mingw64/bin/../lib/gcc/arm-none-eabi/13.3.0/../../../../arm-none-eabi/lib/thumb/v7-m/nofp/crt0.o
__lock___arc4random_mutex                         F:/Msys2/mingw64/bin/../lib/gcc/arm-none-eabi/13.3.0/../../../../arm-none-eabi/lib/thumb/v7-m/nofp\libc_nano.a(libc_a-lock.o)
__lock___at_quick_exit_mutex                      F:/Msys2/mingw64/bin/../lib/gcc/arm-none-eabi/13.3.0/../../../../arm-none-eabi/lib/thumb/v7-m/nofp\libc_nano.a(libc_a-lock.o)
__lock___atexit_recursive_mutex                   F:/Msys2/mingw64/bin/../lib/gcc/arm-none-eabi/13.3.0/../../../../arm-none-eabi/lib/thumb/v7-m/nofp\libc_nano.a(libc_a-lock.o)
                                                  F:/Msys2/mingw64/bin/../lib/gcc/arm-none-eabi/13.3.0/../../../../arm-none-eabi/lib/thumb/v7-m/nofp\libc_nano.a(libc_a-__call_atexit.o)
__lock___dd_hash_mutex                            F:/Msys2/mingw64/bin/../lib/gcc/arm-none-eabi/13.3.0/../../../../arm-none-eabi/lib/thumb/v7-m/nofp\libc_nano.a(libc_a-lock.o)
__lock___env_recursive_mutex                      F:/Msys2/mingw64/bin/../lib/gcc/arm-none-eabi/13.3.0/../../../../arm-none-eabi/lib/thumb/v7-m/nofp\libc_nano.a(libc_a-lock.o)
__lock___malloc_recursive_mutex                   F:/Msys2/mingw64/bin/../lib/gcc/arm-none-eabi/13.3.0/../../../../arm-none-eabi/lib/thumb/v7-m/nofp\libc_nano.a(libc_a-lock.o)
                                                  F:/Msys2/mingw64/bin/../lib/gcc/arm-none-eabi/13.3.0/../../../../arm-none-eabi/lib/thumb/v7-m/nofp\libc_nano.a(libc_a-mlock.o)
__lock___sfp_recursive_mutex                      F:/Msys2/mingw64/bin/../lib/gcc/arm-none-eabi/13.3.0/../../../../arm-none-eabi/lib/thumb/v7-m/nofp\libc_nano.a(libc_a-lock.o)
                                                  F:/Msys2/mingw64/bin/../lib/gcc/arm-none-eabi/13.3.0/../../../../arm-none-eabi/lib/thumb/v7-m/nofp\libc_nano.a(libc_a-findfp.o)
__lock___tz_mutex                                 F:/Msys2/mingw64/bin/../lib/gcc/arm-none-eabi/13.3.0/../../../../arm-none-eabi/lib/thumb/v7-m/nofp\libc_nano.a(libc_a-lock.o)
__ltsf2                                           F:/Msys2/mingw64/bin/../lib/gcc/arm-none-eabi/13.3.0/thumb/v7-m/nofp\libgcc.a(_arm_cmpsf2.o)
__malloc_free_list                                F:/Msys2/mingw64/bin/../lib/gcc/arm-none-eabi/13.3.0/../../../../arm-none-eabi/lib/thumb/v7-m/nofp\libc_nano.a(libc_a-mallocr.o)
                                                  F:/Msys2/mingw64/bin/../lib/gcc/arm-none-eabi/13.3.0/../../../../arm-none-eabi/lib/thumb/v7-m/nofp\libc_nano.a(libc_a-freer.o)
__malloc_lock                                     F:/Msys2/mingw64/bin/../lib/gcc/arm-none-eabi/13.3.0/../../../../arm-none-eabi/lib/thumb/v7-m/nofp\libc_nano.a(libc_a-mlock.o)
                                                  F:/Msys2/mingw64/bin/../lib/gcc/arm-none-eabi/13.3.0/../../../../arm-none-eabi/lib/thumb/v7-m/nofp\libc_nano.a(libc_a-mallocr.o)
                                                  F:/Msys2/mingw64/bin/../lib/gcc/arm-none-eabi/13.3.0/../../../../arm-none-eabi/lib/thumb/v7-m/nofp\libc_nano.a(libc_a-freer.o)
__malloc_sbrk_start                               F:/Msys2/mingw64/bin/../lib/gcc/arm-none-eabi/13.3.0/../../../../arm-none-eabi/lib/thumb/v7-m/nofp\libc_nano.a(libc_a-mallocr.o)
__malloc_unlock                                   F:/Msys2/mingw64/bin/../lib/gcc/arm-none-eabi/13.3.0/../../../../arm-none-eabi/lib/thumb/v7-m/nofp\libc_nano.a(libc_a-mlock.o)
                                                  F:/Msys2/mingw64/bin/../lib/gcc/arm-none-eabi/13.3.0/../../../../arm-none-eabi/lib/thumb/v7-m/nofp\libc_nano.a(libc_a-mallocr.o)
                                                  F:/Msys2/mingw64/bin/../lib/gcc/arm-none-eabi/13.3.0/../../../../arm-none-eabi/lib/thumb/v7-m/nofp\libc_nano.a(libc_a-freer.o)